displayLed.c:10:6:clearAllLed1	8	static
displayLed.c:16:6:clearAllLed2	8	static
displayLed.c:21:6:displayRed1	8	static
displayLed.c:28:6:displayYellow1	8	static
displayLed.c:34:6:displayGreen1	8	static
displayLed.c:40:6:displayRed2	8	static
displayLed.c:47:6:displayYellow2	8	static
displayLed.c:53:6:displayGreen2	8	static
displayLed.c:59:6:toggleRed	8	static
displayLed.c:65:6:toggleYellow	8	static
displayLed.c:73:6:toggleGreen	8	static
displayLed.c:79:6:clearPedestrian	8	static
displayLed.c:85:6:displayPedestrianRed	8	static
displayLed.c:91:6:displayPedestrianYellow	8	static
displayLed.c:97:6:displayPedestrianGreen	8	static
