displayLed.c:10:6:clearAllLed1	8	static
displayLed.c:15:6:clearAllLed2	8	static
displayLed.c:19:6:displayRed1	8	static
displayLed.c:25:6:displayYellow1	8	static
displayLed.c:30:6:displayGreen1	8	static
displayLed.c:35:6:displayRed2	8	static
displayLed.c:41:6:displayYellow2	8	static
displayLed.c:46:6:displayGreen2	8	static
displayLed.c:51:6:toggleRed	8	static
displayLed.c:56:6:toggleYellow	8	static
displayLed.c:63:6:toggleGreen	8	static
displayLed.c:68:6:clearPedestrian	8	static
displayLed.c:73:6:displayPedestrianRed	8	static
displayLed.c:78:6:displayPedestrianYellow	8	static
displayLed.c:83:6:displayPedestrianGreen	8	static
