Archive member included to satisfy reference by file (symbol)

c:/st/stm32cubeide_1.7.0/stm32cubeide/plugins/com.st.stm32cube.ide.mcu.externaltools.gnu-tools-for-stm32.9-2020-q2-update.win32_2.0.0.202105311346/tools/bin/../lib/gcc/arm-none-eabi/9.3.1/../../../../arm-none-eabi/lib/thumb/v7-m/nofp\libc_nano.a(lib_a-errno.o)
                              ./Core/Src/syscalls.o (__errno)
c:/st/stm32cubeide_1.7.0/stm32cubeide/plugins/com.st.stm32cube.ide.mcu.externaltools.gnu-tools-for-stm32.9-2020-q2-update.win32_2.0.0.202105311346/tools/bin/../lib/gcc/arm-none-eabi/9.3.1/../../../../arm-none-eabi/lib/thumb/v7-m/nofp\libc_nano.a(lib_a-exit.o)
                              c:/st/stm32cubeide_1.7.0/stm32cubeide/plugins/com.st.stm32cube.ide.mcu.externaltools.gnu-tools-for-stm32.9-2020-q2-update.win32_2.0.0.202105311346/tools/bin/../lib/gcc/arm-none-eabi/9.3.1/../../../../arm-none-eabi/lib/thumb/v7-m/nofp/crt0.o (exit)
c:/st/stm32cubeide_1.7.0/stm32cubeide/plugins/com.st.stm32cube.ide.mcu.externaltools.gnu-tools-for-stm32.9-2020-q2-update.win32_2.0.0.202105311346/tools/bin/../lib/gcc/arm-none-eabi/9.3.1/../../../../arm-none-eabi/lib/thumb/v7-m/nofp\libc_nano.a(lib_a-impure.o)
                              c:/st/stm32cubeide_1.7.0/stm32cubeide/plugins/com.st.stm32cube.ide.mcu.externaltools.gnu-tools-for-stm32.9-2020-q2-update.win32_2.0.0.202105311346/tools/bin/../lib/gcc/arm-none-eabi/9.3.1/../../../../arm-none-eabi/lib/thumb/v7-m/nofp\libc_nano.a(lib_a-exit.o) (_global_impure_ptr)
c:/st/stm32cubeide_1.7.0/stm32cubeide/plugins/com.st.stm32cube.ide.mcu.externaltools.gnu-tools-for-stm32.9-2020-q2-update.win32_2.0.0.202105311346/tools/bin/../lib/gcc/arm-none-eabi/9.3.1/../../../../arm-none-eabi/lib/thumb/v7-m/nofp\libc_nano.a(lib_a-init.o)
                              c:/st/stm32cubeide_1.7.0/stm32cubeide/plugins/com.st.stm32cube.ide.mcu.externaltools.gnu-tools-for-stm32.9-2020-q2-update.win32_2.0.0.202105311346/tools/bin/../lib/gcc/arm-none-eabi/9.3.1/../../../../arm-none-eabi/lib/thumb/v7-m/nofp/crt0.o (__libc_init_array)
c:/st/stm32cubeide_1.7.0/stm32cubeide/plugins/com.st.stm32cube.ide.mcu.externaltools.gnu-tools-for-stm32.9-2020-q2-update.win32_2.0.0.202105311346/tools/bin/../lib/gcc/arm-none-eabi/9.3.1/../../../../arm-none-eabi/lib/thumb/v7-m/nofp\libc_nano.a(lib_a-malloc.o)
                              ./Core/Src/scheduler.o (malloc)
c:/st/stm32cubeide_1.7.0/stm32cubeide/plugins/com.st.stm32cube.ide.mcu.externaltools.gnu-tools-for-stm32.9-2020-q2-update.win32_2.0.0.202105311346/tools/bin/../lib/gcc/arm-none-eabi/9.3.1/../../../../arm-none-eabi/lib/thumb/v7-m/nofp\libc_nano.a(lib_a-memset.o)
                              c:/st/stm32cubeide_1.7.0/stm32cubeide/plugins/com.st.stm32cube.ide.mcu.externaltools.gnu-tools-for-stm32.9-2020-q2-update.win32_2.0.0.202105311346/tools/bin/../lib/gcc/arm-none-eabi/9.3.1/../../../../arm-none-eabi/lib/thumb/v7-m/nofp/crt0.o (memset)
c:/st/stm32cubeide_1.7.0/stm32cubeide/plugins/com.st.stm32cube.ide.mcu.externaltools.gnu-tools-for-stm32.9-2020-q2-update.win32_2.0.0.202105311346/tools/bin/../lib/gcc/arm-none-eabi/9.3.1/../../../../arm-none-eabi/lib/thumb/v7-m/nofp\libc_nano.a(lib_a-nano-freer.o)
                              c:/st/stm32cubeide_1.7.0/stm32cubeide/plugins/com.st.stm32cube.ide.mcu.externaltools.gnu-tools-for-stm32.9-2020-q2-update.win32_2.0.0.202105311346/tools/bin/../lib/gcc/arm-none-eabi/9.3.1/../../../../arm-none-eabi/lib/thumb/v7-m/nofp\libc_nano.a(lib_a-malloc.o) (_free_r)
c:/st/stm32cubeide_1.7.0/stm32cubeide/plugins/com.st.stm32cube.ide.mcu.externaltools.gnu-tools-for-stm32.9-2020-q2-update.win32_2.0.0.202105311346/tools/bin/../lib/gcc/arm-none-eabi/9.3.1/../../../../arm-none-eabi/lib/thumb/v7-m/nofp\libc_nano.a(lib_a-nano-mallocr.o)
                              c:/st/stm32cubeide_1.7.0/stm32cubeide/plugins/com.st.stm32cube.ide.mcu.externaltools.gnu-tools-for-stm32.9-2020-q2-update.win32_2.0.0.202105311346/tools/bin/../lib/gcc/arm-none-eabi/9.3.1/../../../../arm-none-eabi/lib/thumb/v7-m/nofp\libc_nano.a(lib_a-malloc.o) (_malloc_r)
c:/st/stm32cubeide_1.7.0/stm32cubeide/plugins/com.st.stm32cube.ide.mcu.externaltools.gnu-tools-for-stm32.9-2020-q2-update.win32_2.0.0.202105311346/tools/bin/../lib/gcc/arm-none-eabi/9.3.1/../../../../arm-none-eabi/lib/thumb/v7-m/nofp\libc_nano.a(lib_a-sbrkr.o)
                              c:/st/stm32cubeide_1.7.0/stm32cubeide/plugins/com.st.stm32cube.ide.mcu.externaltools.gnu-tools-for-stm32.9-2020-q2-update.win32_2.0.0.202105311346/tools/bin/../lib/gcc/arm-none-eabi/9.3.1/../../../../arm-none-eabi/lib/thumb/v7-m/nofp\libc_nano.a(lib_a-nano-mallocr.o) (_sbrk_r)
c:/st/stm32cubeide_1.7.0/stm32cubeide/plugins/com.st.stm32cube.ide.mcu.externaltools.gnu-tools-for-stm32.9-2020-q2-update.win32_2.0.0.202105311346/tools/bin/../lib/gcc/arm-none-eabi/9.3.1/../../../../arm-none-eabi/lib/thumb/v7-m/nofp\libc_nano.a(lib_a-sprintf.o)
                              ./Core/Src/fsm_normal_state.o (sprintf)
[...]
Memory Configuration

Name             Origin             Length             Attributes
RAM              0x0000000020000000 0x0000000000005000 xrw
FLASH            0x0000000008000000 0x0000000000020000 xr
*default*        0x0000000000000000 0xffffffffffffffff

Linker script and memory map

LOAD c:/st/stm32cubeide_1.7.0/stm32cubeide/plugins/com.st.stm32cube.ide.mcu.externaltools.gnu-tools-for-stm32.9-2020-q2-update.win32_2.0.0.202105311346/tools/bin/../lib/gcc/arm-none-eabi/9.3.1/thumb/v7-m/nofp/crti.o
LOAD c:/st/stm32cubeide_1.7.0/stm32cubeide/plugins/com.st.stm32cube.ide.mcu.externaltools.gnu-tools-for-stm32.9-2020-q2-update.win32_2.0.0.202105311346/tools/bin/../lib/gcc/arm-none-eabi/9.3.1/thumb/v7-m/nofp/crtbegin.o
LOAD c:/st/stm32cubeide_1.7.0/stm32cubeide/plugins/com.st.stm32cube.ide.mcu.externaltools.gnu-tools-for-stm32.9-2020-q2-update.win32_2.0.0.202105311346/tools/bin/../lib/gcc/arm-none-eabi/9.3.1/../../../../arm-none-eabi/lib/thumb/v7-m/nofp/crt0.o
LOAD ./Core/Src/button.o
LOAD ./Core/Src/buzzer.o
LOAD ./Core/Src/displayLed.o
LOAD ./Core/Src/fsm_normal_state.o
LOAD ./Core/Src/fsm_pedestrian.o
LOAD ./Core/Src/global.o
LOAD ./Core/Src/main.o
LOAD ./Core/Src/scheduler.o
LOAD ./Core/Src/software_timer.o
LOAD ./Core/Src/stm32f1xx_hal_msp.o
LOAD ./Core/Src/stm32f1xx_it.o
LOAD ./Core/Src/syscalls.o
LOAD ./Core/Src/sysmem.o
LOAD ./Core/Src/system_stm32f1xx.o
LOAD ./Core/Startup/startup_stm32f103rbtx.o
LOAD ./Drivers/STM32F1xx_HAL_Driver/Src/stm32f1xx_hal.o
LOAD ./Drivers/STM32F1xx_HAL_Driver/Src/stm32f1xx_hal_cortex.o
LOAD ./Drivers/STM32F1xx_HAL_Driver/Src/stm32f1xx_hal_dma.o
LOAD ./Drivers/STM32F1xx_HAL_Driver/Src/stm32f1xx_hal_exti.o
LOAD ./Drivers/STM32F1xx_HAL_Driver/Src/stm32f1xx_hal_flash.o
LOAD ./Drivers/STM32F1xx_HAL_Driver/Src/stm32f1xx_hal_flash_ex.o
LOAD ./Drivers/STM32F1xx_HAL_Driver/Src/stm32f1xx_hal_gpio.o
LOAD ./Drivers/STM32F1xx_HAL_Driver/Src/stm32f1xx_hal_gpio_ex.o
LOAD ./Drivers/STM32F1xx_HAL_Driver/Src/stm32f1xx_hal_pwr.o
LOAD ./Drivers/STM32F1xx_HAL_Driver/Src/stm32f1xx_hal_rcc.o
LOAD ./Drivers/STM32F1xx_HAL_Driver/Src/stm32f1xx_hal_rcc_ex.o
LOAD ./Drivers/STM32F1xx_HAL_Driver/Src/stm32f1xx_hal_tim.o
LOAD ./Drivers/STM32F1xx_HAL_Driver/Src/stm32f1xx_hal_tim_ex.o
LOAD ./Drivers/STM32F1xx_HAL_Driver/Src/stm32f1xx_hal_uart.o
START GROUP
LOAD c:/st/stm32cubeide_1.7.0/stm32cubeide/plugins/com.st.stm32cube.ide.mcu.externaltools.gnu-tools-for-stm32.9-2020-q2-update.win32_2.0.0.202105311346/tools/bin/../lib/gcc/arm-none-eabi/9.3.1/../../../../arm-none-eabi/lib/thumb/v7-m/nofp\libc_nano.a
LOAD c:/st/stm32cubeide_1.7.0/stm32cubeide/plugins/com.st.stm32cube.ide.mcu.externaltools.gnu-tools-for-stm32.9-2020-q2-update.win32_2.0.0.202105311346/tools/bin/../lib/gcc/arm-none-eabi/9.3.1/../../../../arm-none-eabi/lib/thumb/v7-m/nofp\libm.a
END GROUP
START GROUP
LOAD c:/st/stm32cubeide_1.7.0/stm32cubeide/plugins/com.st.stm32cube.ide.mcu.externaltools.gnu-tools-for-stm32.9-2020-q2-update.win32_2.0.0.202105311346/tools/bin/../lib/gcc/arm-none-eabi/9.3.1/thumb/v7-m/nofp\libgcc.a
LOAD c:/st/stm32cubeide_1.7.0/stm32cubeide/plugins/com.st.stm32cube.ide.mcu.externaltools.gnu-tools-for-stm32.9-2020-q2-update.win32_2.0.0.202105311346/tools/bin/../lib/gcc/arm-none-eabi/9.3.1/../../../../arm-none-eabi/lib/thumb/v7-m/nofp\libc_nano.a
END GROUP
START GROUP
LOAD c:/st/stm32cubeide_1.7.0/stm32cubeide/plugins/com.st.stm32cube.ide.mcu.externaltools.gnu-tools-for-stm32.9-2020-q2-update.win32_2.0.0.202105311346/tools/bin/../lib/gcc/arm-none-eabi/9.3.1/thumb/v7-m/nofp\libgcc.a
LOAD c:/st/stm32cubeide_1.7.0/stm32cubeide/plugins/com.st.stm32cube.ide.mcu.externaltools.gnu-tools-for-stm32.9-2020-q2-update.win32_2.0.0.202105311346/tools/bin/../lib/gcc/arm-none-eabi/9.3.1/../../../../arm-none-eabi/lib/thumb/v7-m/nofp\libc_nano.a
LOAD c:/st/stm32cubeide_1.7.0/stm32cubeide/plugins/com.st.stm32cube.ide.mcu.externaltools.gnu-tools-for-stm32.9-2020-q2-update.win32_2.0.0.202105311346/tools/bin/../lib/gcc/arm-none-eabi/9.3.1/../../../../arm-none-eabi/lib/thumb/v7-m/nofp\libnosys.a
END GROUP
START GROUP
LOAD c:/st/stm32cubeide_1.7.0/stm32cubeide/plugins/com.st.stm32cube.ide.mcu.externaltools.gnu-tools-for-stm32.9-2020-q2-update.win32_2.0.0.202105311346/tools/bin/../lib/gcc/arm-none-eabi/9.3.1/thumb/v7-m/nofp\libgcc.a
LOAD c:/st/stm32cubeide_1.7.0/stm32cubeide/plugins/com.st.stm32cube.ide.mcu.externaltools.gnu-tools-for-stm32.9-2020-q2-update.win32_2.0.0.202105311346/tools/bin/../lib/gcc/arm-none-eabi/9.3.1/../../../../arm-none-eabi/lib/thumb/v7-m/nofp\libc_nano.a
LOAD c:/st/stm32cubeide_1.7.0/stm32cubeide/plugins/com.st.stm32cube.ide.mcu.externaltools.gnu-tools-for-stm32.9-2020-q2-update.win32_2.0.0.202105311346/tools/bin/../lib/gcc/arm-none-eabi/9.3.1/../../../../arm-none-eabi/lib/thumb/v7-m/nofp\libnosys.a
END GROUP
LOAD c:/st/stm32cubeide_1.7.0/stm32cubeide/plugins/com.st.stm32cube.ide.mcu.externaltools.gnu-tools-for-stm32.9-2020-q2-update.win32_2.0.0.202105311346/tools/bin/../lib/gcc/arm-none-eabi/9.3.1/thumb/v7-m/nofp/crtend.o
LOAD c:/st/stm32cubeide_1.7.0/stm32cubeide/plugins/com.st.stm32cube.ide.mcu.externaltools.gnu-tools-for-stm32.9-2020-q2-update.win32_2.0.0.202105311346/tools/bin/../lib/gcc/arm-none-eabi/9.3.1/thumb/v7-m/nofp/crtn.o
                0x0000000020005000                _estack = (ORIGIN (RAM) + LENGTH (RAM))
                0x0000000000000200                _Min_Heap_Size = 0x200
                0x0000000000000400                _Min_Stack_Size = 0x400

.isr_vector     0x0000000008000000      0x10c
                0x0000000008000000                . = ALIGN (0x4)
 *(.isr_vector)
 .isr_vector    0x0000000008000000      0x10c ./Core/Startup/startup_stm32f103rbtx.o
                0x0000000008000000                g_pfnVectors
                0x000000000800010c                . = ALIGN (0x4)

.text           0x000000000800010c     0x4c5c
                0x000000000800010c                . = ALIGN (0x4)
 *(.text)
 .text          0x000000000800010c       0x40 c:/st/stm32cubeide_1.7.0/stm32cubeide/plugins/com.st.stm32cube.ide.mcu.externaltools.gnu-tools-for-stm32.9-2020-q2-update.win32_2.0.0.202105311346/tools/bin/../lib/gcc/arm-none-eabi/9.3.1/thumb/v7-m/nofp/crtbegin.o
 *(.text*)
 .text.Button_Reading
                0x000000000800014c      0x12c ./Core/Src/button.o
                0x000000000800014c                Button_Reading
 .text.Is_Button_Pressed
                0x0000000008000278       0x44 ./Core/Src/button.o
                0x0000000008000278                Is_Button_Pressed
 .text.buzzer   0x00000000080002bc       0x20 ./Core/Src/buzzer.o
                0x00000000080002bc                buzzer
 .text.clearAllLed1
                0x00000000080002dc       0x28 ./Core/Src/displayLed.o
                0x00000000080002dc                clearAllLed1
 .text.clearAllLed2
                0x0000000008000304       0x20 ./Core/Src/displayLed.o
                0x0000000008000304                clearAllLed2
 .text.displayRed1
                0x0000000008000324       0x28 ./Core/Src/displayLed.o
                0x0000000008000324                displayRed1
 .text.displayYellow1
                0x000000000800034c       0x28 ./Core/Src/displayLed.o
                0x000000000800034c                displayYellow1
 .text.displayGreen1
                0x0000000008000374       0x28 ./Core/Src/displayLed.o
                0x0000000008000374                displayGreen1
 .text.displayRed2
                0x000000000800039c       0x20 ./Core/Src/displayLed.o
                0x000000000800039c                displayRed2
 .text.displayYellow2
                0x00000000080003bc       0x20 ./Core/Src/displayLed.o
                0x00000000080003bc                displayYellow2
 .text.displayGreen2
                0x00000000080003dc       0x20 ./Core/Src/displayLed.o
                0x00000000080003dc                displayGreen2
 .text.toggleRed
                0x00000000080003fc       0x24 ./Core/Src/displayLed.o
                0x00000000080003fc                toggleRed
 .text.toggleYellow
                0x0000000008000420       0x34 ./Core/Src/displayLed.o
                0x0000000008000420                toggleYellow
 .text.toggleGreen
                0x0000000008000454       0x1c ./Core/Src/displayLed.o
                0x0000000008000454                toggleGreen
 .text.clearPedestrian
                0x0000000008000470       0x28 ./Core/Src/displayLed.o
                0x0000000008000470                clearPedestrian
 .text.displayPedestrianRed
                0x0000000008000498       0x28 ./Core/Src/displayLed.o
                0x0000000008000498                displayPedestrianRed
 .text.displayPedestrianGreen
                0x00000000080004c0       0x28 ./Core/Src/displayLed.o
                0x00000000080004c0                displayPedestrianGreen
 .text.increase
                0x00000000080004e8       0x28 ./Core/Src/fsm_normal_state.o
                0x00000000080004e8                increase
 .text.balance  0x0000000008000510      0x194 ./Core/Src/fsm_normal_state.o
                0x0000000008000510                balance
 .text.normalState
                0x00000000080006a4      0x814 ./Core/Src/fsm_normal_state.o
                0x00000000080006a4                normalState
 .text.fsm_pedestrian
                0x0000000008000eb8       0xc4 ./Core/Src/fsm_pedestrian.o
                0x0000000008000eb8                fsm_pedestrian
 .text.HAL_TIM_PeriodElapsedCallback
                0x0000000008000f7c       0x18 ./Core/Src/main.o
                0x0000000008000f7c                HAL_TIM_PeriodElapsedCallback
 .text.main     0x0000000008000f94       0x64 ./Core/Src/main.o
                0x0000000008000f94                main
 .text.SystemClock_Config
                0x0000000008000ff8       0x82 ./Core/Src/main.o
                0x0000000008000ff8                SystemClock_Config
 *fill*         0x000000000800107a        0x2 
 .text.MX_TIM2_Init
                0x000000000800107c       0x98 ./Core/Src/main.o
 .text.MX_TIM3_Init
                0x0000000008001114       0xec ./Core/Src/main.o
 .text.MX_USART2_UART_Init
                0x0000000008001200       0x54 ./Core/Src/main.o
 .text.MX_GPIO_Init
                0x0000000008001254       0xdc ./Core/Src/main.o
 .text.Error_Handler
                0x0000000008001330        0xa ./Core/Src/main.o
                0x0000000008001330                Error_Handler
 *fill*         0x000000000800133a        0x2 
 .text.AddNode  0x000000000800133c       0xe8 ./Core/Src/scheduler.o
                0x000000000800133c                AddNode
 .text.DeleteBegin
                0x0000000008001424       0x30 ./Core/Src/scheduler.o
                0x0000000008001424                DeleteBegin
 .text.SCH_Add_Task
                0x0000000008001454       0x3a ./Core/Src/scheduler.o
                0x0000000008001454                SCH_Add_Task
 *fill*         0x000000000800148e        0x2 
 .text.SCH_Update
                0x0000000008001490       0x38 ./Core/Src/scheduler.o
                0x0000000008001490                SCH_Update
 .text.SCH_Dispatch_Tasks
                0x00000000080014c8       0x58 ./Core/Src/scheduler.o
                0x00000000080014c8                SCH_Dispatch_Tasks
 .text.isTimerUp
                0x0000000008001520       0x28 ./Core/Src/software_timer.o
                0x0000000008001520                isTimerUp
 .text.setTimer
                0x0000000008001548       0x30 ./Core/Src/software_timer.o
                0x0000000008001548                setTimer
 .text.timerRun
                0x0000000008001578       0x60 ./Core/Src/software_timer.o
                0x0000000008001578                timerRun
 .text.HAL_MspInit
                0x00000000080015d8       0x64 ./Core/Src/stm32f1xx_hal_msp.o
                0x00000000080015d8                HAL_MspInit
 .text.HAL_TIM_Base_MspInit
                0x000000000800163c       0x80 ./Core/Src/stm32f1xx_hal_msp.o
                0x000000000800163c                HAL_TIM_Base_MspInit
 .text.HAL_TIM_MspPostInit
                0x00000000080016bc       0x64 ./Core/Src/stm32f1xx_hal_msp.o
                0x00000000080016bc                HAL_TIM_MspPostInit
 .text.HAL_UART_MspInit
                0x0000000008001720       0xa4 ./Core/Src/stm32f1xx_hal_msp.o
                0x0000000008001720                HAL_UART_MspInit
 .text.NMI_Handler
                0x00000000080017c4        0x6 ./Core/Src/stm32f1xx_it.o
                0x00000000080017c4                NMI_Handler
 .text.HardFault_Handler
                0x00000000080017ca        0x6 ./Core/Src/stm32f1xx_it.o
                0x00000000080017ca                HardFault_Handler
 .text.MemManage_Handler
                0x00000000080017d0        0x6 ./Core/Src/stm32f1xx_it.o
                0x00000000080017d0                MemManage_Handler
 .text.BusFault_Handler
                0x00000000080017d6        0x6 ./Core/Src/stm32f1xx_it.o
                0x00000000080017d6                BusFault_Handler
 .text.UsageFault_Handler
                0x00000000080017dc        0x6 ./Core/Src/stm32f1xx_it.o
                0x00000000080017dc                UsageFault_Handler
 .text.SVC_Handler
                0x00000000080017e2        0xc ./Core/Src/stm32f1xx_it.o
                0x00000000080017e2                SVC_Handler
 .text.DebugMon_Handler
                0x00000000080017ee        0xc ./Core/Src/stm32f1xx_it.o
                0x00000000080017ee                DebugMon_Handler
 .text.PendSV_Handler
                0x00000000080017fa        0xc ./Core/Src/stm32f1xx_it.o
                0x00000000080017fa                PendSV_Handler
 .text.SysTick_Handler
                0x0000000008001806        0xc ./Core/Src/stm32f1xx_it.o
                0x0000000008001806                SysTick_Handler
 *fill*         0x0000000008001812        0x2 
 .text.TIM2_IRQHandler
                0x0000000008001814       0x14 ./Core/Src/stm32f1xx_it.o
                0x0000000008001814                TIM2_IRQHandler
 .text.TIM3_IRQHandler
                0x0000000008001828       0x14 ./Core/Src/stm32f1xx_it.o
                0x0000000008001828                TIM3_IRQHandler
 .text.USART2_IRQHandler
                0x000000000800183c       0x14 ./Core/Src/stm32f1xx_it.o
                0x000000000800183c                USART2_IRQHandler
 .text._sbrk    0x0000000008001850       0x6c ./Core/Src/sysmem.o
                0x0000000008001850                _sbrk
 .text.SystemInit
                0x00000000080018bc        0xc ./Core/Src/system_stm32f1xx.o
                0x00000000080018bc                SystemInit
 .text.Reset_Handler
                0x00000000080018c8       0x48 ./Core/Startup/startup_stm32f103rbtx.o
                0x00000000080018c8                Reset_Handler
 .text.Default_Handler
                0x0000000008001910        0x2 ./Core/Startup/startup_stm32f103rbtx.o
                0x0000000008001910                RTC_Alarm_IRQHandler
                0x0000000008001910                EXTI2_IRQHandler
                0x0000000008001910                TIM1_CC_IRQHandler
                0x0000000008001910                PVD_IRQHandler
                0x0000000008001910                EXTI3_IRQHandler
                0x0000000008001910                EXTI0_IRQHandler
                0x0000000008001910                I2C2_EV_IRQHandler
                0x0000000008001910                ADC1_2_IRQHandler
                0x0000000008001910                SPI1_IRQHandler
                0x0000000008001910                TAMPER_IRQHandler
                0x0000000008001910                DMA1_Channel4_IRQHandler
                0x0000000008001910                USART3_IRQHandler
                0x0000000008001910                RTC_IRQHandler
                0x0000000008001910                DMA1_Channel7_IRQHandler
                0x0000000008001910                CAN1_RX1_IRQHandler
                0x0000000008001910                TIM4_IRQHandler
                0x0000000008001910                I2C1_EV_IRQHandler
                0x0000000008001910                DMA1_Channel6_IRQHandler
                0x0000000008001910                RCC_IRQHandler
                0x0000000008001910                TIM1_TRG_COM_IRQHandler
                0x0000000008001910                DMA1_Channel1_IRQHandler
                0x0000000008001910                Default_Handler
                0x0000000008001910                EXTI15_10_IRQHandler
                0x0000000008001910                EXTI9_5_IRQHandler
                0x0000000008001910                SPI2_IRQHandler
                0x0000000008001910                DMA1_Channel5_IRQHandler
                0x0000000008001910                EXTI4_IRQHandler
                0x0000000008001910                USB_LP_CAN1_RX0_IRQHandler
                0x0000000008001910                USB_HP_CAN1_TX_IRQHandler
                0x0000000008001910                DMA1_Channel3_IRQHandler
                0x0000000008001910                TIM1_UP_IRQHandler
                0x0000000008001910                WWDG_IRQHandler
                0x0000000008001910                TIM1_BRK_IRQHandler
                0x0000000008001910                EXTI1_IRQHandler
                0x0000000008001910                I2C2_ER_IRQHandler
                0x0000000008001910                DMA1_Channel2_IRQHandler
                0x0000000008001910                CAN1_SCE_IRQHandler
                0x0000000008001910                FLASH_IRQHandler
                0x0000000008001910                USART1_IRQHandler
                0x0000000008001910                I2C1_ER_IRQHandler
                0x0000000008001910                USBWakeUp_IRQHandler
 *fill*         0x0000000008001912        0x2 
 .text.HAL_Init
                0x0000000008001914       0x2c ./Drivers/STM32F1xx_HAL_Driver/Src/stm32f1xx_hal.o
                0x0000000008001914                HAL_Init
 .text.HAL_InitTick
                0x0000000008001940       0x60 ./Drivers/STM32F1xx_HAL_Driver/Src/stm32f1xx_hal.o
                0x0000000008001940                HAL_InitTick
 .text.HAL_IncTick
                0x00000000080019a0       0x24 ./Drivers/STM32F1xx_HAL_Driver/Src/stm32f1xx_hal.o
                0x00000000080019a0                HAL_IncTick
 .text.HAL_GetTick
                0x00000000080019c4       0x14 ./Drivers/STM32F1xx_HAL_Driver/Src/stm32f1xx_hal.o
                0x00000000080019c4                HAL_GetTick
 .text.__NVIC_SetPriorityGrouping
                0x00000000080019d8       0x48 ./Drivers/STM32F1xx_HAL_Driver/Src/stm32f1xx_hal_cortex.o
 .text.__NVIC_GetPriorityGrouping
                0x0000000008001a20       0x1c ./Drivers/STM32F1xx_HAL_Driver/Src/stm32f1xx_hal_cortex.o
 .text.__NVIC_EnableIRQ
                0x0000000008001a3c       0x38 ./Drivers/STM32F1xx_HAL_Driver/Src/stm32f1xx_hal_cortex.o
 .text.__NVIC_SetPriority
                0x0000000008001a74       0x54 ./Drivers/STM32F1xx_HAL_Driver/Src/stm32f1xx_hal_cortex.o
 .text.NVIC_EncodePriority
                0x0000000008001ac8       0x64 ./Drivers/STM32F1xx_HAL_Driver/Src/stm32f1xx_hal_cortex.o
 .text.SysTick_Config
                0x0000000008001b2c       0x44 ./Drivers/STM32F1xx_HAL_Driver/Src/stm32f1xx_hal_cortex.o
 .text.HAL_NVIC_SetPriorityGrouping
                0x0000000008001b70       0x16 ./Drivers/STM32F1xx_HAL_Driver/Src/stm32f1xx_hal_cortex.o
                0x0000000008001b70                HAL_NVIC_SetPriorityGrouping
 .text.HAL_NVIC_SetPriority
                0x0000000008001b86       0x38 ./Drivers/STM32F1xx_HAL_Driver/Src/stm32f1xx_hal_cortex.o
                0x0000000008001b86                HAL_NVIC_SetPriority
 .text.HAL_NVIC_EnableIRQ
                0x0000000008001bbe       0x1c ./Drivers/STM32F1xx_HAL_Driver/Src/stm32f1xx_hal_cortex.o
                0x0000000008001bbe                HAL_NVIC_EnableIRQ
 .text.HAL_SYSTICK_Config
                0x0000000008001bda       0x18 ./Drivers/STM32F1xx_HAL_Driver/Src/stm32f1xx_hal_cortex.o
                0x0000000008001bda                HAL_SYSTICK_Config
 .text.HAL_DMA_Abort
                0x0000000008001bf2       0x76 ./Drivers/STM32F1xx_HAL_Driver/Src/stm32f1xx_hal_dma.o
                0x0000000008001bf2                HAL_DMA_Abort
 .text.HAL_DMA_Abort_IT
                0x0000000008001c68       0xf0 ./Drivers/STM32F1xx_HAL_Driver/Src/stm32f1xx_hal_dma.o
                0x0000000008001c68                HAL_DMA_Abort_IT
 .text.HAL_GPIO_Init
                0x0000000008001d58      0x308 ./Drivers/STM32F1xx_HAL_Driver/Src/stm32f1xx_hal_gpio.o
                0x0000000008001d58                HAL_GPIO_Init
 .text.HAL_GPIO_ReadPin
                0x0000000008002060       0x2e ./Drivers/STM32F1xx_HAL_Driver/Src/stm32f1xx_hal_gpio.o
                0x0000000008002060                HAL_GPIO_ReadPin
 .text.HAL_GPIO_WritePin
                0x000000000800208e       0x30 ./Drivers/STM32F1xx_HAL_Driver/Src/stm32f1xx_hal_gpio.o
                0x000000000800208e                HAL_GPIO_WritePin
 .text.HAL_GPIO_TogglePin
                0x00000000080020be       0x32 ./Drivers/STM32F1xx_HAL_Driver/Src/stm32f1xx_hal_gpio.o
                0x00000000080020be                HAL_GPIO_TogglePin
 .text.HAL_PWR_EnterSLEEPMode
                0x00000000080020f0       0x38 ./Drivers/STM32F1xx_HAL_Driver/Src/stm32f1xx_hal_pwr.o
                0x00000000080020f0                HAL_PWR_EnterSLEEPMode
 .text.HAL_RCC_OscConfig
                0x0000000008002128      0x500 ./Drivers/STM32F1xx_HAL_Driver/Src/stm32f1xx_hal_rcc.o
                0x0000000008002128                HAL_RCC_OscConfig
 .text.HAL_RCC_ClockConfig
                0x0000000008002628      0x1d4 ./Drivers/STM32F1xx_HAL_Driver/Src/stm32f1xx_hal_rcc.o
                0x0000000008002628                HAL_RCC_ClockConfig
 .text.HAL_RCC_GetSysClockFreq
                0x00000000080027fc       0xa8 ./Drivers/STM32F1xx_HAL_Driver/Src/stm32f1xx_hal_rcc.o
                0x00000000080027fc                HAL_RCC_GetSysClockFreq
 .text.HAL_RCC_GetHCLKFreq
                0x00000000080028a4       0x14 ./Drivers/STM32F1xx_HAL_Driver/Src/stm32f1xx_hal_rcc.o
                0x00000000080028a4                HAL_RCC_GetHCLKFreq
 .text.HAL_RCC_GetPCLK1Freq
                0x00000000080028b8       0x28 ./Drivers/STM32F1xx_HAL_Driver/Src/stm32f1xx_hal_rcc.o
                0x00000000080028b8                HAL_RCC_GetPCLK1Freq
 .text.HAL_RCC_GetPCLK2Freq
                0x00000000080028e0       0x28 ./Drivers/STM32F1xx_HAL_Driver/Src/stm32f1xx_hal_rcc.o
                0x00000000080028e0                HAL_RCC_GetPCLK2Freq
 .text.RCC_Delay
                0x0000000008002908       0x3c ./Drivers/STM32F1xx_HAL_Driver/Src/stm32f1xx_hal_rcc.o
 .text.HAL_TIM_Base_Init
                0x0000000008002944       0x9e ./Drivers/STM32F1xx_HAL_Driver/Src/stm32f1xx_hal_tim.o
                0x0000000008002944                HAL_TIM_Base_Init
 *fill*         0x00000000080029e2        0x2 
 .text.HAL_TIM_Base_Start_IT
                0x00000000080029e4       0xa4 ./Drivers/STM32F1xx_HAL_Driver/Src/stm32f1xx_hal_tim.o
                0x00000000080029e4                HAL_TIM_Base_Start_IT
 .text.HAL_TIM_PWM_Init
                0x0000000008002a88       0x9e ./Drivers/STM32F1xx_HAL_Driver/Src/stm32f1xx_hal_tim.o
                0x0000000008002a88                HAL_TIM_PWM_Init
 .text.HAL_TIM_PWM_MspInit
                0x0000000008002b26       0x12 ./Drivers/STM32F1xx_HAL_Driver/Src/stm32f1xx_hal_tim.o
                0x0000000008002b26                HAL_TIM_PWM_MspInit
 .text.HAL_TIM_PWM_Start
                0x0000000008002b38      0x144 ./Drivers/STM32F1xx_HAL_Driver/Src/stm32f1xx_hal_tim.o
                0x0000000008002b38                HAL_TIM_PWM_Start
 .text.HAL_TIM_IRQHandler
                0x0000000008002c7c      0x210 ./Drivers/STM32F1xx_HAL_Driver/Src/stm32f1xx_hal_tim.o
                0x0000000008002c7c                HAL_TIM_IRQHandler
 .text.HAL_TIM_PWM_ConfigChannel
                0x0000000008002e8c      0x184 ./Drivers/STM32F1xx_HAL_Driver/Src/stm32f1xx_hal_tim.o
                0x0000000008002e8c                HAL_TIM_PWM_ConfigChannel
 .text.HAL_TIM_ConfigClockSource
                0x0000000008003010      0x18e ./Drivers/STM32F1xx_HAL_Driver/Src/stm32f1xx_hal_tim.o
                0x0000000008003010                HAL_TIM_ConfigClockSource
 .text.HAL_TIM_OC_DelayElapsedCallback
                0x000000000800319e       0x12 ./Drivers/STM32F1xx_HAL_Driver/Src/stm32f1xx_hal_tim.o
                0x000000000800319e                HAL_TIM_OC_DelayElapsedCallback
 .text.HAL_TIM_IC_CaptureCallback
                0x00000000080031b0       0x12 ./Drivers/STM32F1xx_HAL_Driver/Src/stm32f1xx_hal_tim.o
                0x00000000080031b0                HAL_TIM_IC_CaptureCallback
 .text.HAL_TIM_PWM_PulseFinishedCallback
                0x00000000080031c2       0x12 ./Drivers/STM32F1xx_HAL_Driver/Src/stm32f1xx_hal_tim.o
                0x00000000080031c2                HAL_TIM_PWM_PulseFinishedCallback
 .text.HAL_TIM_TriggerCallback
                0x00000000080031d4       0x12 ./Drivers/STM32F1xx_HAL_Driver/Src/stm32f1xx_hal_tim.o
                0x00000000080031d4                HAL_TIM_TriggerCallback
 *fill*         0x00000000080031e6        0x2 
 .text.TIM_Base_SetConfig
                0x00000000080031e8       0xc4 ./Drivers/STM32F1xx_HAL_Driver/Src/stm32f1xx_hal_tim.o
                0x00000000080031e8                TIM_Base_SetConfig
 .text.TIM_OC1_SetConfig
                0x00000000080032ac       0xcc ./Drivers/STM32F1xx_HAL_Driver/Src/stm32f1xx_hal_tim.o
 .text.TIM_OC2_SetConfig
                0x0000000008003378       0xd4 ./Drivers/STM32F1xx_HAL_Driver/Src/stm32f1xx_hal_tim.o
                0x0000000008003378                TIM_OC2_SetConfig
 .text.TIM_OC3_SetConfig
                0x000000000800344c       0xd4 ./Drivers/STM32F1xx_HAL_Driver/Src/stm32f1xx_hal_tim.o
 .text.TIM_OC4_SetConfig
                0x0000000008003520       0x9c ./Drivers/STM32F1xx_HAL_Driver/Src/stm32f1xx_hal_tim.o
 .text.TIM_TI1_ConfigInputStage
                0x00000000080035bc       0x5c ./Drivers/STM32F1xx_HAL_Driver/Src/stm32f1xx_hal_tim.o
 .text.TIM_TI2_ConfigInputStage
                0x0000000008003618       0x5e ./Drivers/STM32F1xx_HAL_Driver/Src/stm32f1xx_hal_tim.o
 .text.TIM_ITRx_SetConfig
                0x0000000008003676       0x34 ./Drivers/STM32F1xx_HAL_Driver/Src/stm32f1xx_hal_tim.o
 .text.TIM_ETR_SetConfig
                0x00000000080036aa       0x3e ./Drivers/STM32F1xx_HAL_Driver/Src/stm32f1xx_hal_tim.o
                0x00000000080036aa                TIM_ETR_SetConfig
 .text.TIM_CCxChannelCmd
                0x00000000080036e8       0x48 ./Drivers/STM32F1xx_HAL_Driver/Src/stm32f1xx_hal_tim.o
                0x00000000080036e8                TIM_CCxChannelCmd
 .text.HAL_TIMEx_MasterConfigSynchronization
                0x0000000008003730       0xbc ./Drivers/STM32F1xx_HAL_Driver/Src/stm32f1xx_hal_tim_ex.o
                0x0000000008003730                HAL_TIMEx_MasterConfigSynchronization
 .text.HAL_TIMEx_CommutCallback
                0x00000000080037ec       0x12 ./Drivers/STM32F1xx_HAL_Driver/Src/stm32f1xx_hal_tim_ex.o
                0x00000000080037ec                HAL_TIMEx_CommutCallback
 .text.HAL_TIMEx_BreakCallback
                0x00000000080037fe       0x12 ./Drivers/STM32F1xx_HAL_Driver/Src/stm32f1xx_hal_tim_ex.o
                0x00000000080037fe                HAL_TIMEx_BreakCallback
 .text.HAL_UART_Init
                0x0000000008003810       0xa0 ./Drivers/STM32F1xx_HAL_Driver/Src/stm32f1xx_hal_uart.o
                0x0000000008003810                HAL_UART_Init
 .text.HAL_UART_Transmit
                0x00000000080038b0      0x106 ./Drivers/STM32F1xx_HAL_Driver/Src/stm32f1xx_hal_uart.o
                0x00000000080038b0                HAL_UART_Transmit
 *fill*         0x00000000080039b6        0x2 
 .text.HAL_UART_IRQHandler
                0x00000000080039b8      0x524 ./Drivers/STM32F1xx_HAL_Driver/Src/stm32f1xx_hal_uart.o
                0x00000000080039b8                HAL_UART_IRQHandler
 .text.HAL_UART_TxCpltCallback
                0x0000000008003edc       0x12 ./Drivers/STM32F1xx_HAL_Driver/Src/stm32f1xx_hal_uart.o
                0x0000000008003edc                HAL_UART_TxCpltCallback
 .text.HAL_UART_RxCpltCallback
                0x0000000008003eee       0x12 ./Drivers/STM32F1xx_HAL_Driver/Src/stm32f1xx_hal_uart.o
                0x0000000008003eee                HAL_UART_RxCpltCallback
 .text.HAL_UART_ErrorCallback
                0x0000000008003f00       0x12 ./Drivers/STM32F1xx_HAL_Driver/Src/stm32f1xx_hal_uart.o
                0x0000000008003f00                HAL_UART_ErrorCallback
 .text.HAL_UARTEx_RxEventCallback
                0x0000000008003f12       0x16 ./Drivers/STM32F1xx_HAL_Driver/Src/stm32f1xx_hal_uart.o
                0x0000000008003f12                HAL_UARTEx_RxEventCallback
 .text.UART_WaitOnFlagUntilTimeout
                0x0000000008003f28       0xdc ./Drivers/STM32F1xx_HAL_Driver/Src/stm32f1xx_hal_uart.o
 .text.UART_EndRxTransfer
                0x0000000008004004       0xc4 ./Drivers/STM32F1xx_HAL_Driver/Src/stm32f1xx_hal_uart.o
 .text.UART_DMAAbortOnError
                0x00000000080040c8       0x28 ./Drivers/STM32F1xx_HAL_Driver/Src/stm32f1xx_hal_uart.o
 .text.UART_Transmit_IT
                0x00000000080040f0       0x9e ./Drivers/STM32F1xx_HAL_Driver/Src/stm32f1xx_hal_uart.o
 .text.UART_EndTransmit_IT
                0x000000000800418e       0x30 ./Drivers/STM32F1xx_HAL_Driver/Src/stm32f1xx_hal_uart.o
 .text.UART_Receive_IT
                0x00000000080041be      0x17c ./Drivers/STM32F1xx_HAL_Driver/Src/stm32f1xx_hal_uart.o
 *fill*         0x000000000800433a        0x2 
 .text.UART_SetConfig
                0x000000000800433c      0x11c ./Drivers/STM32F1xx_HAL_Driver/Src/stm32f1xx_hal_uart.o
 .text.__errno  0x0000000008004458        0xc c:/st/stm32cubeide_1.7.0/stm32cubeide/plugins/com.st.stm32cube.ide.mcu.externaltools.gnu-tools-for-stm32.9-2020-q2-update.win32_2.0.0.202105311346/tools/bin/../lib/gcc/arm-none-eabi/9.3.1/../../../../arm-none-eabi/lib/thumb/v7-m/nofp\libc_nano.a(lib_a-errno.o)
                0x0000000008004458                __errno
 .text.__libc_init_array
                0x0000000008004464       0x48 c:/st/stm32cubeide_1.7.0/stm32cubeide/plugins/com.st.stm32cube.ide.mcu.externaltools.gnu-tools-for-stm32.9-2020-q2-update.win32_2.0.0.202105311346/tools/bin/../lib/gcc/arm-none-eabi/9.3.1/../../../../arm-none-eabi/lib/thumb/v7-m/nofp\libc_nano.a(lib_a-init.o)
                0x0000000008004464                __libc_init_array
 .text.malloc   0x00000000080044ac       0x10 c:/st/stm32cubeide_1.7.0/stm32cubeide/plugins/com.st.stm32cube.ide.mcu.externaltools.gnu-tools-for-stm32.9-2020-q2-update.win32_2.0.0.202105311346/tools/bin/../lib/gcc/arm-none-eabi/9.3.1/../../../../arm-none-eabi/lib/thumb/v7-m/nofp\libc_nano.a(lib_a-malloc.o)
                0x00000000080044ac                malloc
 .text.free     0x00000000080044bc       0x10 c:/st/stm32cubeide_1.7.0/stm32cubeide/plugins/com.st.stm32cube.ide.mcu.externaltools.gnu-tools-for-stm32.9-2020-q2-update.win32_2.0.0.202105311346/tools/bin/../lib/gcc/arm-none-eabi/9.3.1/../../../../arm-none-eabi/lib/thumb/v7-m/nofp\libc_nano.a(lib_a-malloc.o)
                0x00000000080044bc                free
 .text.memset   0x00000000080044cc       0x10 c:/st/stm32cubeide_1.7.0/stm32cubeide/plugins/com.st.stm32cube.ide.mcu.externaltools.gnu-tools-for-stm32.9-2020-q2-update.win32_2.0.0.202105311346/tools/bin/../lib/gcc/arm-none-eabi/9.3.1/../../../../arm-none-eabi/lib/thumb/v7-m/nofp\libc_nano.a(lib_a-memset.o)
                0x00000000080044cc                memset
 .text._free_r  0x00000000080044dc       0x98 c:/st/stm32cubeide_1.7.0/stm32cubeide/plugins/com.st.stm32cube.ide.mcu.externaltools.gnu-tools-for-stm32.9-2020-q2-update.win32_2.0.0.202105311346/tools/bin/../lib/gcc/arm-none-eabi/9.3.1/../../../../arm-none-eabi/lib/thumb/v7-m/nofp\libc_nano.a(lib_a-nano-freer.o)
                0x00000000080044dc                _free_r
 .text._malloc_r
                0x0000000008004574       0xb4 c:/st/stm32cubeide_1.7.0/stm32cubeide/plugins/com.st.stm32cube.ide.mcu.externaltools.gnu-tools-for-stm32.9-2020-q2-update.win32_2.0.0.202105311346/tools/bin/../lib/gcc/arm-none-eabi/9.3.1/../../../../arm-none-eabi/lib/thumb/v7-m/nofp\libc_nano.a(lib_a-nano-mallocr.o)
                0x0000000008004574                _malloc_r
 .text._sbrk_r  0x0000000008004628       0x20 c:/st/stm32cubeide_1.7.0/stm32cubeide/plugins/com.st.stm32cube.ide.mcu.externaltools.gnu-tools-for-stm32.9-2020-q2-update.win32_2.0.0.202105311346/tools/bin/../lib/gcc/arm-none-eabi/9.3.1/../../../../arm-none-eabi/lib/thumb/v7-m/nofp\libc_nano.a(lib_a-sbrkr.o)
                0x0000000008004628                _sbrk_r
 .text.sprintf  0x0000000008004648       0x40 c:/st/stm32cubeide_1.7.0/stm32cubeide/plugins/com.st.stm32cube.ide.mcu.externaltools.gnu-tools-for-stm32.9-2020-q2-update.win32_2.0.0.202105311346/tools/bin/../lib/gcc/arm-none-eabi/9.3.1/../../../../arm-none-eabi/lib/thumb/v7-m/nofp\libc_nano.a(lib_a-sprintf.o)
                0x0000000008004648                siprintf
                0x0000000008004648                sprintf
 .text.__malloc_lock
                0x0000000008004688        0xc c:/st/stm32cubeide_1.7.0/stm32cubeide/plugins/com.st.stm32cube.ide.mcu.externaltools.gnu-tools-for-stm32.9-2020-q2-update.win32_2.0.0.202105311346/tools/bin/../lib/gcc/arm-none-eabi/9.3.1/../../../../arm-none-eabi/lib/thumb/v7-m/nofp\libc_nano.a(lib_a-mlock.o)
                0x0000000008004688                __malloc_lock
 .text.__malloc_unlock
                0x0000000008004694        0xc c:/st/stm32cubeide_1.7.0/stm32cubeide/plugins/com.st.stm32cube.ide.mcu.externaltools.gnu-tools-for-stm32.9-2020-q2-update.win32_2.0.0.202105311346/tools/bin/../lib/gcc/arm-none-eabi/9.3.1/../../../../arm-none-eabi/lib/thumb/v7-m/nofp\libc_nano.a(lib_a-mlock.o)
                0x0000000008004694                __malloc_unlock
 .text.__ssputs_r
                0x00000000080046a0       0xb6 c:/st/stm32cubeide_1.7.0/stm32cubeide/plugins/com.st.stm32cube.ide.mcu.externaltools.gnu-tools-for-stm32.9-2020-q2-update.win32_2.0.0.202105311346/tools/bin/../lib/gcc/arm-none-eabi/9.3.1/../../../../arm-none-eabi/lib/thumb/v7-m/nofp\libc_nano.a(lib_a-nano-svfprintf.o)
                0x00000000080046a0                __ssputs_r
 *fill*         0x0000000008004756        0x2 
 .text._svfprintf_r
                0x0000000008004758      0x200 c:/st/stm32cubeide_1.7.0/stm32cubeide/plugins/com.st.stm32cube.ide.mcu.externaltools.gnu-tools-for-stm32.9-2020-q2-update.win32_2.0.0.202105311346/tools/bin/../lib/gcc/arm-none-eabi/9.3.1/../../../../arm-none-eabi/lib/thumb/v7-m/nofp\libc_nano.a(lib_a-nano-svfprintf.o)
                0x0000000008004758                _svfiprintf_r
                0x0000000008004758                _svfprintf_r
 .text._printf_common
                0x0000000008004958       0xde c:/st/stm32cubeide_1.7.0/stm32cubeide/plugins/com.st.stm32cube.ide.mcu.externaltools.gnu-tools-for-stm32.9-2020-q2-update.win32_2.0.0.202105311346/tools/bin/../lib/gcc/arm-none-eabi/9.3.1/../../../../arm-none-eabi/lib/thumb/v7-m/nofp\libc_nano.a(lib_a-nano-vfprintf_i.o)
                0x0000000008004958                _printf_common
 *fill*         0x0000000008004a36        0x2 
 .text._printf_i
                0x0000000008004a38      0x24c c:/st/stm32cubeide_1.7.0/stm32cubeide/plugins/com.st.stm32cube.ide.mcu.externaltools.gnu-tools-for-stm32.9-2020-q2-update.win32_2.0.0.202105311346/tools/bin/../lib/gcc/arm-none-eabi/9.3.1/../../../../arm-none-eabi/lib/thumb/v7-m/nofp\libc_nano.a(lib_a-nano-vfprintf_i.o)
                0x0000000008004a38                _printf_i
 .text.__retarget_lock_acquire_recursive
                0x0000000008004c84        0x2 c:/st/stm32cubeide_1.7.0/stm32cubeide/plugins/com.st.stm32cube.ide.mcu.externaltools.gnu-tools-for-stm32.9-2020-q2-update.win32_2.0.0.202105311346/tools/bin/../lib/gcc/arm-none-eabi/9.3.1/../../../../arm-none-eabi/lib/thumb/v7-m/nofp\libc_nano.a(lib_a-lock.o)
                0x0000000008004c84                __retarget_lock_acquire_recursive
 .text.__retarget_lock_release_recursive
                0x0000000008004c86        0x2 c:/st/stm32cubeide_1.7.0/stm32cubeide/plugins/com.st.stm32cube.ide.mcu.externaltools.gnu-tools-for-stm32.9-2020-q2-update.win32_2.0.0.202105311346/tools/bin/../lib/gcc/arm-none-eabi/9.3.1/../../../../arm-none-eabi/lib/thumb/v7-m/nofp\libc_nano.a(lib_a-lock.o)
                0x0000000008004c86                __retarget_lock_release_recursive
 .text.memchr   0x0000000008004c88       0x1c c:/st/stm32cubeide_1.7.0/stm32cubeide/plugins/com.st.stm32cube.ide.mcu.externaltools.gnu-tools-for-stm32.9-2020-q2-update.win32_2.0.0.202105311346/tools/bin/../lib/gcc/arm-none-eabi/9.3.1/../../../../arm-none-eabi/lib/thumb/v7-m/nofp\libc_nano.a(lib_a-memchr-stub.o)
                0x0000000008004c88                memchr
 .text.memcpy   0x0000000008004ca4       0x1c c:/st/stm32cubeide_1.7.0/stm32cubeide/plugins/com.st.stm32cube.ide.mcu.externaltools.gnu-tools-for-stm32.9-2020-q2-update.win32_2.0.0.202105311346/tools/bin/../lib/gcc/arm-none-eabi/9.3.1/../../../../arm-none-eabi/lib/thumb/v7-m/nofp\libc_nano.a(lib_a-memcpy-stub.o)
                0x0000000008004ca4                memcpy
 .text.memmove  0x0000000008004cc0       0x34 c:/st/stm32cubeide_1.7.0/stm32cubeide/plugins/com.st.stm32cube.ide.mcu.externaltools.gnu-tools-for-stm32.9-2020-q2-update.win32_2.0.0.202105311346/tools/bin/../lib/gcc/arm-none-eabi/9.3.1/../../../../arm-none-eabi/lib/thumb/v7-m/nofp\libc_nano.a(lib_a-memmove.o)
                0x0000000008004cc0                memmove
 .text._realloc_r
                0x0000000008004cf4       0x4c c:/st/stm32cubeide_1.7.0/stm32cubeide/plugins/com.st.stm32cube.ide.mcu.externaltools.gnu-tools-for-stm32.9-2020-q2-update.win32_2.0.0.202105311346/tools/bin/../lib/gcc/arm-none-eabi/9.3.1/../../../../arm-none-eabi/lib/thumb/v7-m/nofp\libc_nano.a(lib_a-nano-reallocr.o)
                0x0000000008004cf4                _realloc_r
 .text._malloc_usable_size_r
                0x0000000008004d40       0x10 c:/st/stm32cubeide_1.7.0/stm32cubeide/plugins/com.st.stm32cube.ide.mcu.externaltools.gnu-tools-for-stm32.9-2020-q2-update.win32_2.0.0.202105311346/tools/bin/../lib/gcc/arm-none-eabi/9.3.1/../../../../arm-none-eabi/lib/thumb/v7-m/nofp\libc_nano.a(lib_a-nano-msizer.o)
                0x0000000008004d40                _malloc_usable_size_r
 *(.glue_7)
 .glue_7        0x0000000008004d50        0x0 linker stubs
 *(.glue_7t)
 .glue_7t       0x0000000008004d50        0x0 linker stubs
 *(.eh_frame)
 .eh_frame      0x0000000008004d50        0x0 c:/st/stm32cubeide_1.7.0/stm32cubeide/plugins/com.st.stm32cube.ide.mcu.externaltools.gnu-tools-for-stm32.9-2020-q2-update.win32_2.0.0.202105311346/tools/bin/../lib/gcc/arm-none-eabi/9.3.1/thumb/v7-m/nofp/crtbegin.o
 *(.init)
 .init          0x0000000008004d50        0x4 c:/st/stm32cubeide_1.7.0/stm32cubeide/plugins/com.st.stm32cube.ide.mcu.externaltools.gnu-tools-for-stm32.9-2020-q2-update.win32_2.0.0.202105311346/tools/bin/../lib/gcc/arm-none-eabi/9.3.1/thumb/v7-m/nofp/crti.o
                0x0000000008004d50                _init
 .init          0x0000000008004d54        0x8 c:/st/stm32cubeide_1.7.0/stm32cubeide/plugins/com.st.stm32cube.ide.mcu.externaltools.gnu-tools-for-stm32.9-2020-q2-update.win32_2.0.0.202105311346/tools/bin/../lib/gcc/arm-none-eabi/9.3.1/thumb/v7-m/nofp/crtn.o
 *(.fini)
 .fini          0x0000000008004d5c        0x4 c:/st/stm32cubeide_1.7.0/stm32cubeide/plugins/com.st.stm32cube.ide.mcu.externaltools.gnu-tools-for-stm32.9-2020-q2-update.win32_2.0.0.202105311346/tools/bin/../lib/gcc/arm-none-eabi/9.3.1/thumb/v7-m/nofp/crti.o
                0x0000000008004d5c                _fini
 .fini          0x0000000008004d60        0x8 c:/st/stm32cubeide_1.7.0/stm32cubeide/plugins/com.st.stm32cube.ide.mcu.externaltools.gnu-tools-for-stm32.9-2020-q2-update.win32_2.0.0.202105311346/tools/bin/../lib/gcc/arm-none-eabi/9.3.1/thumb/v7-m/nofp/crtn.o
                0x0000000008004d68                . = ALIGN (0x4)
                0x0000000008004d68                _etext = .

.vfp11_veneer   0x0000000008004d68        0x0
 .vfp11_veneer  0x0000000008004d68        0x0 linker stubs

.v4_bx          0x0000000008004d68        0x0
 .v4_bx         0x0000000008004d68        0x0 linker stubs

.iplt           0x0000000008004d68        0x0
 .iplt          0x0000000008004d68        0x0 c:/st/stm32cubeide_1.7.0/stm32cubeide/plugins/com.st.stm32cube.ide.mcu.externaltools.gnu-tools-for-stm32.9-2020-q2-update.win32_2.0.0.202105311346/tools/bin/../lib/gcc/arm-none-eabi/9.3.1/thumb/v7-m/nofp/crtbegin.o

.rodata         0x0000000008004d68       0x84
                0x0000000008004d68                . = ALIGN (0x4)
 *(.rodata)
 .rodata        0x0000000008004d68       0x22 ./Core/Src/fsm_normal_state.o
 *(.rodata*)
 *fill*         0x0000000008004d8a        0x2 
 .rodata.AHBPrescTable
                0x0000000008004d8c       0x10 ./Core/Src/system_stm32f1xx.o
                0x0000000008004d8c                AHBPrescTable
 .rodata.APBPrescTable
                0x0000000008004d9c        0x8 ./Core/Src/system_stm32f1xx.o
                0x0000000008004d9c                APBPrescTable
 .rodata.aPLLMULFactorTable.6196
                0x0000000008004da4       0x10 ./Drivers/STM32F1xx_HAL_Driver/Src/stm32f1xx_hal_rcc.o
 .rodata.aPredivFactorTable.6197
                0x0000000008004db4        0x2 ./Drivers/STM32F1xx_HAL_Driver/Src/stm32f1xx_hal_rcc.o
 .rodata._svfprintf_r.str1.1
                0x0000000008004db6       0x11 c:/st/stm32cubeide_1.7.0/stm32cubeide/plugins/com.st.stm32cube.ide.mcu.externaltools.gnu-tools-for-stm32.9-2020-q2-update.win32_2.0.0.202105311346/tools/bin/../lib/gcc/arm-none-eabi/9.3.1/../../../../arm-none-eabi/lib/thumb/v7-m/nofp\libc_nano.a(lib_a-nano-svfprintf.o)
 .rodata._printf_i.str1.1
                0x0000000008004dc7       0x22 c:/st/stm32cubeide_1.7.0/stm32cubeide/plugins/com.st.stm32cube.ide.mcu.externaltools.gnu-tools-for-stm32.9-2020-q2-update.win32_2.0.0.202105311346/tools/bin/../lib/gcc/arm-none-eabi/9.3.1/../../../../arm-none-eabi/lib/thumb/v7-m/nofp\libc_nano.a(lib_a-nano-vfprintf_i.o)
                0x0000000008004dec                . = ALIGN (0x4)
 *fill*         0x0000000008004de9        0x3 

.rel.dyn        0x0000000008004dec        0x0
 .rel.iplt      0x0000000008004dec        0x0 c:/st/stm32cubeide_1.7.0/stm32cubeide/plugins/com.st.stm32cube.ide.mcu.externaltools.gnu-tools-for-stm32.9-2020-q2-update.win32_2.0.0.202105311346/tools/bin/../lib/gcc/arm-none-eabi/9.3.1/thumb/v7-m/nofp/crtbegin.o

.ARM.extab      0x0000000008004dec        0x0
                0x0000000008004dec                . = ALIGN (0x4)
 *(.ARM.extab* .gnu.linkonce.armextab.*)
                0x0000000008004dec                . = ALIGN (0x4)

.ARM            0x0000000008004dec        0x0
                0x0000000008004dec                . = ALIGN (0x4)
                0x0000000008004dec                __exidx_start = .
 *(.ARM.exidx*)
                0x0000000008004dec                __exidx_end = .
                0x0000000008004dec                . = ALIGN (0x4)

.preinit_array  0x0000000008004dec        0x0
                0x0000000008004dec                . = ALIGN (0x4)
                0x0000000008004dec                PROVIDE (__preinit_array_start = .)
 *(.preinit_array*)
                0x0000000008004dec                PROVIDE (__preinit_array_end = .)
                0x0000000008004dec                . = ALIGN (0x4)

.init_array     0x0000000008004dec        0x4
                0x0000000008004dec                . = ALIGN (0x4)
                0x0000000008004dec                PROVIDE (__init_array_start = .)
 *(SORT_BY_NAME(.init_array.*))
 *(.init_array*)
 .init_array    0x0000000008004dec        0x4 c:/st/stm32cubeide_1.7.0/stm32cubeide/plugins/com.st.stm32cube.ide.mcu.externaltools.gnu-tools-for-stm32.9-2020-q2-update.win32_2.0.0.202105311346/tools/bin/../lib/gcc/arm-none-eabi/9.3.1/thumb/v7-m/nofp/crtbegin.o
                0x0000000008004df0                PROVIDE (__init_array_end = .)
                0x0000000008004df0                . = ALIGN (0x4)

.fini_array     0x0000000008004df0        0x4
                0x0000000008004df0                . = ALIGN (0x4)
                [!provide]                        PROVIDE (__fini_array_start = .)
 *(SORT_BY_NAME(.fini_array.*))
 *(.fini_array*)
 .fini_array    0x0000000008004df0        0x4 c:/st/stm32cubeide_1.7.0/stm32cubeide/plugins/com.st.stm32cube.ide.mcu.externaltools.gnu-tools-for-stm32.9-2020-q2-update.win32_2.0.0.202105311346/tools/bin/../lib/gcc/arm-none-eabi/9.3.1/thumb/v7-m/nofp/crtbegin.o
                [!provide]                        PROVIDE (__fini_array_end = .)
                0x0000000008004df4                . = ALIGN (0x4)
                0x0000000008004df4                _sidata = LOADADDR (.data)

.data           0x0000000020000000       0xa8 load address 0x0000000008004df4
                0x0000000020000000                . = ALIGN (0x4)
                0x0000000020000000                _sdata = .
 *(.data)
 *(.data*)
 .data.buttonBuffer
                0x0000000020000000        0x4 ./Core/Src/button.o
 .data.buttonGPIO
                0x0000000020000004       0x10 ./Core/Src/button.o
                0x0000000020000004                buttonGPIO
 .data.buttonPin
                0x0000000020000014       0x10 ./Core/Src/button.o
 .data.timeRed  0x0000000020000024        0x4 ./Core/Src/global.o
                0x0000000020000024                timeRed
 .data.timeYellow
                0x0000000020000028        0x4 ./Core/Src/global.o
                0x0000000020000028                timeYellow
 .data.timeGreen
                0x000000002000002c        0x4 ./Core/Src/global.o
                0x000000002000002c                timeGreen
 .data.pedestrian_flag
                0x0000000020000030        0x4 ./Core/Src/global.o
                0x0000000020000030                pedestrian_flag
 .data.freq     0x0000000020000034        0x4 ./Core/Src/global.o
                0x0000000020000034                freq
 .data.SystemCoreClock
                0x0000000020000038        0x4 ./Core/Src/system_stm32f1xx.o
                0x0000000020000038                SystemCoreClock
 .data.uwTickPrio
                0x000000002000003c        0x4 ./Drivers/STM32F1xx_HAL_Driver/Src/stm32f1xx_hal.o
                0x000000002000003c                uwTickPrio
 .data.uwTickFreq
                0x0000000020000040        0x1 ./Drivers/STM32F1xx_HAL_Driver/Src/stm32f1xx_hal.o
                0x0000000020000040                uwTickFreq
 *fill*         0x0000000020000041        0x3 
 .data._impure_ptr
                0x0000000020000044        0x4 c:/st/stm32cubeide_1.7.0/stm32cubeide/plugins/com.st.stm32cube.ide.mcu.externaltools.gnu-tools-for-stm32.9-2020-q2-update.win32_2.0.0.202105311346/tools/bin/../lib/gcc/arm-none-eabi/9.3.1/../../../../arm-none-eabi/lib/thumb/v7-m/nofp\libc_nano.a(lib_a-impure.o)
                0x0000000020000044                _impure_ptr
 .data.impure_data
                0x0000000020000048       0x60 c:/st/stm32cubeide_1.7.0/stm32cubeide/plugins/com.st.stm32cube.ide.mcu.externaltools.gnu-tools-for-stm32.9-2020-q2-update.win32_2.0.0.202105311346/tools/bin/../lib/gcc/arm-none-eabi/9.3.1/../../../../arm-none-eabi/lib/thumb/v7-m/nofp\libc_nano.a(lib_a-impure.o)
 *(.RamFunc)
 *(.RamFunc*)
                0x00000000200000a8                . = ALIGN (0x4)
                0x00000000200000a8                _edata = .

.igot.plt       0x00000000200000a8        0x0 load address 0x0000000008004e9c
 .igot.plt      0x00000000200000a8        0x0 c:/st/stm32cubeide_1.7.0/stm32cubeide/plugins/com.st.stm32cube.ide.mcu.externaltools.gnu-tools-for-stm32.9-2020-q2-update.win32_2.0.0.202105311346/tools/bin/../lib/gcc/arm-none-eabi/9.3.1/thumb/v7-m/nofp/crtbegin.o
                0x00000000200000a8                . = ALIGN (0x4)

.bss            0x00000000200000a8      0x184 load address 0x0000000008004e9c
                0x00000000200000a8                _sbss = .
                0x00000000200000a8                __bss_start__ = _sbss
 *(.bss)
 .bss           0x00000000200000a8       0x1c c:/st/stm32cubeide_1.7.0/stm32cubeide/plugins/com.st.stm32cube.ide.mcu.externaltools.gnu-tools-for-stm32.9-2020-q2-update.win32_2.0.0.202105311346/tools/bin/../lib/gcc/arm-none-eabi/9.3.1/thumb/v7-m/nofp/crtbegin.o
 *(.bss*)
 .bss.buttonTimeOut
                0x00000000200000c4       0x10 ./Core/Src/button.o
                0x00000000200000c4                buttonTimeOut
 .bss.debounceButtonBuffer1
                0x00000000200000d4        0x4 ./Core/Src/button.o
 .bss.debounceButtonBuffer2
                0x00000000200000d8        0x4 ./Core/Src/button.o
 .bss.debounceButtonBuffer3
                0x00000000200000dc        0x4 ./Core/Src/button.o
 .bss.buttonFlag
                0x00000000200000e0       0x10 ./Core/Src/button.o
                0x00000000200000e0                buttonFlag
 .bss.status    0x00000000200000f0        0x4 ./Core/Src/global.o
                0x00000000200000f0                status
 .bss.time2     0x00000000200000f4        0x4 ./Core/Src/global.o
                0x00000000200000f4                time2
 .bss.buzzerValue
                0x00000000200000f8        0x4 ./Core/Src/global.o
                0x00000000200000f8                buzzerValue
 .bss.head      0x00000000200000fc        0x4 ./Core/Src/scheduler.o
                0x00000000200000fc                head
 .bss.__sbrk_heap_end
                0x0000000020000100        0x4 ./Core/Src/sysmem.o
 .bss.__malloc_free_list
                0x0000000020000104        0x4 c:/st/stm32cubeide_1.7.0/stm32cubeide/plugins/com.st.stm32cube.ide.mcu.externaltools.gnu-tools-for-stm32.9-2020-q2-update.win32_2.0.0.202105311346/tools/bin/../lib/gcc/arm-none-eabi/9.3.1/../../../../arm-none-eabi/lib/thumb/v7-m/nofp\libc_nano.a(lib_a-nano-mallocr.o)
                0x0000000020000104                __malloc_free_list
 .bss.__malloc_sbrk_start
                0x0000000020000108        0x4 c:/st/stm32cubeide_1.7.0/stm32cubeide/plugins/com.st.stm32cube.ide.mcu.externaltools.gnu-tools-for-stm32.9-2020-q2-update.win32_2.0.0.202105311346/tools/bin/../lib/gcc/arm-none-eabi/9.3.1/../../../../arm-none-eabi/lib/thumb/v7-m/nofp\libc_nano.a(lib_a-nano-mallocr.o)
                0x0000000020000108                __malloc_sbrk_start
 *(COMMON)
 COMMON         0x000000002000010c        0x4 ./Core/Src/global.o
                0x000000002000010c                time1
 COMMON         0x0000000020000110       0xd8 ./Core/Src/main.o
                0x0000000020000110                htim3
                0x0000000020000158                htim2
                0x00000000200001a0                huart2
 COMMON         0x00000000200001e8       0x30 ./Core/Src/software_timer.o
                0x00000000200001e8                timer_counter
                0x0000000020000200                timer_flag
 COMMON         0x0000000020000218        0x4 ./Drivers/STM32F1xx_HAL_Driver/Src/stm32f1xx_hal.o
                0x0000000020000218                uwTick
 COMMON         0x000000002000021c        0x4 c:/st/stm32cubeide_1.7.0/stm32cubeide/plugins/com.st.stm32cube.ide.mcu.externaltools.gnu-tools-for-stm32.9-2020-q2-update.win32_2.0.0.202105311346/tools/bin/../lib/gcc/arm-none-eabi/9.3.1/../../../../arm-none-eabi/lib/thumb/v7-m/nofp\libc_nano.a(lib_a-reent.o)
                0x000000002000021c                errno
 COMMON         0x0000000020000220        0x9 c:/st/stm32cubeide_1.7.0/stm32cubeide/plugins/com.st.stm32cube.ide.mcu.externaltools.gnu-tools-for-stm32.9-2020-q2-update.win32_2.0.0.202105311346/tools/bin/../lib/gcc/arm-none-eabi/9.3.1/../../../../arm-none-eabi/lib/thumb/v7-m/nofp\libc_nano.a(lib_a-lock.o)
                0x0000000020000220                __lock___atexit_recursive_mutex
                0x0000000020000221                __lock___arc4random_mutex
                0x0000000020000222                __lock___env_recursive_mutex
                0x0000000020000223                __lock___sinit_recursive_mutex
                0x0000000020000224                __lock___malloc_recursive_mutex
                0x0000000020000225                __lock___at_quick_exit_mutex
                0x0000000020000226                __lock___dd_hash_mutex
                0x0000000020000227                __lock___tz_mutex
                0x0000000020000228                __lock___sfp_recursive_mutex
                0x000000002000022c                . = ALIGN (0x4)
 *fill*         0x0000000020000229        0x3 
                0x000000002000022c                _ebss = .
                0x000000002000022c                __bss_end__ = _ebss

._user_heap_stack
                0x000000002000022c      0x604 load address 0x0000000008004e9c
                0x0000000020000230                . = ALIGN (0x8)
 *fill*         0x000000002000022c        0x4 
                [!provide]                        PROVIDE (end = .)
                0x0000000020000230                PROVIDE (_end = .)
                0x0000000020000430                . = (. + _Min_Heap_Size)
 *fill*         0x0000000020000230      0x200 
                0x0000000020000830                . = (. + _Min_Stack_Size)
 *fill*         0x0000000020000430      0x400 
                0x0000000020000830                . = ALIGN (0x8)

/DISCARD/
 libc.a(*)
 libm.a(*)
 libgcc.a(*)

.ARM.attributes
                0x0000000000000000       0x29
 *(.ARM.attributes)
 .ARM.attributes
                0x0000000000000000       0x1d c:/st/stm32cubeide_1.7.0/stm32cubeide/plugins/com.st.stm32cube.ide.mcu.externaltools.gnu-tools-for-stm32.9-2020-q2-update.win32_2.0.0.202105311346/tools/bin/../lib/gcc/arm-none-eabi/9.3.1/thumb/v7-m/nofp/crti.o
 .ARM.attributes
                0x000000000000001d       0x2d c:/st/stm32cubeide_1.7.0/stm32cubeide/plugins/com.st.stm32cube.ide.mcu.externaltools.gnu-tools-for-stm32.9-2020-q2-update.win32_2.0.0.202105311346/tools/bin/../lib/gcc/arm-none-eabi/9.3.1/thumb/v7-m/nofp/crtbegin.o
 .ARM.attributes
                0x000000000000004a       0x2d ./Core/Src/button.o
 .ARM.attributes
                0x0000000000000077       0x2d ./Core/Src/buzzer.o
 .ARM.attributes
                0x00000000000000a4       0x2d ./Core/Src/displayLed.o
 .ARM.attributes
                0x00000000000000d1       0x2d ./Core/Src/fsm_normal_state.o
 .ARM.attributes
                0x00000000000000fe       0x2d ./Core/Src/fsm_pedestrian.o
 .ARM.attributes
                0x000000000000012b       0x33 ./Core/Src/global.o
 .ARM.attributes
                0x000000000000015e       0x2d ./Core/Src/main.o
 .ARM.attributes
                0x000000000000018b       0x2d ./Core/Src/scheduler.o
 .ARM.attributes
                0x00000000000001b8       0x2d ./Core/Src/software_timer.o
 .ARM.attributes
                0x00000000000001e5       0x2d ./Core/Src/stm32f1xx_hal_msp.o
 .ARM.attributes
                0x0000000000000212       0x2d ./Core/Src/stm32f1xx_it.o
 .ARM.attributes
                0x000000000000023f       0x2d ./Core/Src/sysmem.o
 .ARM.attributes
                0x000000000000026c       0x2d ./Core/Src/system_stm32f1xx.o
 .ARM.attributes
                0x0000000000000299       0x21 ./Core/Startup/startup_stm32f103rbtx.o
 .ARM.attributes
                0x00000000000002ba       0x2d ./Drivers/STM32F1xx_HAL_Driver/Src/stm32f1xx_hal.o
 .ARM.attributes
                0x00000000000002e7       0x2d ./Drivers/STM32F1xx_HAL_Driver/Src/stm32f1xx_hal_cortex.o
 .ARM.attributes
                0x0000000000000314       0x2d ./Drivers/STM32F1xx_HAL_Driver/Src/stm32f1xx_hal_dma.o
 .ARM.attributes
                0x0000000000000341       0x2d ./Drivers/STM32F1xx_HAL_Driver/Src/stm32f1xx_hal_gpio.o
 .ARM.attributes
                0x000000000000036e       0x2d ./Drivers/STM32F1xx_HAL_Driver/Src/stm32f1xx_hal_pwr.o
 .ARM.attributes
                0x000000000000039b       0x2d ./Drivers/STM32F1xx_HAL_Driver/Src/stm32f1xx_hal_rcc.o
 .ARM.attributes
                0x00000000000003c8       0x2d ./Drivers/STM32F1xx_HAL_Driver/Src/stm32f1xx_hal_tim.o
 .ARM.attributes
                0x00000000000003f5       0x2d ./Drivers/STM32F1xx_HAL_Driver/Src/stm32f1xx_hal_tim_ex.o
 .ARM.attributes
                0x0000000000000422       0x2d ./Drivers/STM32F1xx_HAL_Driver/Src/stm32f1xx_hal_uart.o
 .ARM.attributes
                0x000000000000044f       0x2d c:/st/stm32cubeide_1.7.0/stm32cubeide/plugins/com.st.stm32cube.ide.mcu.externaltools.gnu-tools-for-stm32.9-2020-q2-update.win32_2.0.0.202105311346/tools/bin/../lib/gcc/arm-none-eabi/9.3.1/../../../../arm-none-eabi/lib/thumb/v7-m/nofp\libc_nano.a(lib_a-errno.o)
 .ARM.attributes
                0x000000000000047c       0x2d c:/st/stm32cubeide_1.7.0/stm32cubeide/plugins/com.st.stm32cube.ide.mcu.externaltools.gnu-tools-for-stm32.9-2020-q2-update.win32_2.0.0.202105311346/tools/bin/../lib/gcc/arm-none-eabi/9.3.1/../../../../arm-none-eabi/lib/thumb/v7-m/nofp\libc_nano.a(lib_a-impure.o)
 .ARM.attributes
                0x00000000000004a9       0x2d c:/st/stm32cubeide_1.7.0/stm32cubeide/plugins/com.st.stm32cube.ide.mcu.externaltools.gnu-tools-for-stm32.9-2020-q2-update.win32_2.0.0.202105311346/tools/bin/../lib/gcc/arm-none-eabi/9.3.1/../../../../arm-none-eabi/lib/thumb/v7-m/nofp\libc_nano.a(lib_a-init.o)
 .ARM.attributes
                0x00000000000004d6       0x2d c:/st/stm32cubeide_1.7.0/stm32cubeide/plugins/com.st.stm32cube.ide.mcu.externaltools.gnu-tools-for-stm32.9-2020-q2-update.win32_2.0.0.202105311346/tools/bin/../lib/gcc/arm-none-eabi/9.3.1/../../../../arm-none-eabi/lib/thumb/v7-m/nofp\libc_nano.a(lib_a-malloc.o)
 .ARM.attributes
                0x0000000000000503       0x2d c:/st/stm32cubeide_1.7.0/stm32cubeide/plugins/com.st.stm32cube.ide.mcu.externaltools.gnu-tools-for-stm32.9-2020-q2-update.win32_2.0.0.202105311346/tools/bin/../lib/gcc/arm-none-eabi/9.3.1/../../../../arm-none-eabi/lib/thumb/v7-m/nofp\libc_nano.a(lib_a-memset.o)
 .ARM.attributes
                0x0000000000000530       0x2d c:/st/stm32cubeide_1.7.0/stm32cubeide/plugins/com.st.stm32cube.ide.mcu.externaltools.gnu-tools-for-stm32.9-2020-q2-update.win32_2.0.0.202105311346/tools/bin/../lib/gcc/arm-none-eabi/9.3.1/../../../../arm-none-eabi/lib/thumb/v7-m/nofp\libc_nano.a(lib_a-nano-freer.o)
 .ARM.attributes
                0x000000000000055d       0x2d c:/st/stm32cubeide_1.7.0/stm32cubeide/plugins/com.st.stm32cube.ide.mcu.externaltools.gnu-tools-for-stm32.9-2020-q2-update.win32_2.0.0.202105311346/tools/bin/../lib/gcc/arm-none-eabi/9.3.1/../../../../arm-none-eabi/lib/thumb/v7-m/nofp\libc_nano.a(lib_a-nano-mallocr.o)
 .ARM.attributes
                0x000000000000058a       0x2d c:/st/stm32cubeide_1.7.0/stm32cubeide/plugins/com.st.stm32cube.ide.mcu.externaltools.gnu-tools-for-stm32.9-2020-q2-update.win32_2.0.0.202105311346/tools/bin/../lib/gcc/arm-none-eabi/9.3.1/../../../../arm-none-eabi/lib/thumb/v7-m/nofp\libc_nano.a(lib_a-sbrkr.o)
 .ARM.attributes
                0x00000000000005b7       0x2d c:/st/stm32cubeide_1.7.0/stm32cubeide/plugins/com.st.stm32cube.ide.mcu.externaltools.gnu-tools-for-stm32.9-2020-q2-update.win32_2.0.0.202105311346/tools/bin/../lib/gcc/arm-none-eabi/9.3.1/../../../../arm-none-eabi/lib/thumb/v7-m/nofp\libc_nano.a(lib_a-sprintf.o)
 .ARM.attributes
                0x00000000000005e4       0x2d c:/st/stm32cubeide_1.7.0/stm32cubeide/plugins/com.st.stm32cube.ide.mcu.externaltools.gnu-tools-for-stm32.9-2020-q2-update.win32_2.0.0.202105311346/tools/bin/../lib/gcc/arm-none-eabi/9.3.1/../../../../arm-none-eabi/lib/thumb/v7-m/nofp\libc_nano.a(lib_a-mlock.o)
 .ARM.attributes
                0x0000000000000611       0x2d c:/st/stm32cubeide_1.7.0/stm32cubeide/plugins/com.st.stm32cube.ide.mcu.externaltools.gnu-tools-for-stm32.9-2020-q2-update.win32_2.0.0.202105311346/tools/bin/../lib/gcc/arm-none-eabi/9.3.1/../../../../arm-none-eabi/lib/thumb/v7-m/nofp\libc_nano.a(lib_a-nano-svfprintf.o)
 .ARM.attributes
                0x000000000000063e       0x2d c:/st/stm32cubeide_1.7.0/stm32cubeide/plugins/com.st.stm32cube.ide.mcu.externaltools.gnu-tools-for-stm32.9-2020-q2-update.win32_2.0.0.202105311346/tools/bin/../lib/gcc/arm-none-eabi/9.3.1/../../../../arm-none-eabi/lib/thumb/v7-m/nofp\libc_nano.a(lib_a-nano-vfprintf_i.o)
 .ARM.attributes
                0x000000000000066b       0x2d c:/st/stm32cubeide_1.7.0/stm32cubeide/plugins/com.st.stm32cube.ide.mcu.externaltools.gnu-tools-for-stm32.9-2020-q2-update.win32_2.0.0.202105311346/tools/bin/../lib/gcc/arm-none-eabi/9.3.1/../../../../arm-none-eabi/lib/thumb/v7-m/nofp\libc_nano.a(lib_a-reent.o)
 .ARM.attributes
                0x0000000000000698       0x2d c:/st/stm32cubeide_1.7.0/stm32cubeide/plugins/com.st.stm32cube.ide.mcu.externaltools.gnu-tools-for-stm32.9-2020-q2-update.win32_2.0.0.202105311346/tools/bin/../lib/gcc/arm-none-eabi/9.3.1/../../../../arm-none-eabi/lib/thumb/v7-m/nofp\libc_nano.a(lib_a-lock.o)
 .ARM.attributes
                0x00000000000006c5       0x2d c:/st/stm32cubeide_1.7.0/stm32cubeide/plugins/com.st.stm32cube.ide.mcu.externaltools.gnu-tools-for-stm32.9-2020-q2-update.win32_2.0.0.202105311346/tools/bin/../lib/gcc/arm-none-eabi/9.3.1/../../../../arm-none-eabi/lib/thumb/v7-m/nofp\libc_nano.a(lib_a-memchr-stub.o)
 .ARM.attributes
                0x00000000000006f2       0x2d c:/st/stm32cubeide_1.7.0/stm32cubeide/plugins/com.st.stm32cube.ide.mcu.externaltools.gnu-tools-for-stm32.9-2020-q2-update.win32_2.0.0.202105311346/tools/bin/../lib/gcc/arm-none-eabi/9.3.1/../../../../arm-none-eabi/lib/thumb/v7-m/nofp\libc_nano.a(lib_a-memcpy-stub.o)
 .ARM.attributes
                0x000000000000071f       0x2d c:/st/stm32cubeide_1.7.0/stm32cubeide/plugins/com.st.stm32cube.ide.mcu.externaltools.gnu-tools-for-stm32.9-2020-q2-update.win32_2.0.0.202105311346/tools/bin/../lib/gcc/arm-none-eabi/9.3.1/../../../../arm-none-eabi/lib/thumb/v7-m/nofp\libc_nano.a(lib_a-memmove.o)
 .ARM.attributes
                0x000000000000074c       0x2d c:/st/stm32cubeide_1.7.0/stm32cubeide/plugins/com.st.stm32cube.ide.mcu.externaltools.gnu-tools-for-stm32.9-2020-q2-update.win32_2.0.0.202105311346/tools/bin/../lib/gcc/arm-none-eabi/9.3.1/../../../../arm-none-eabi/lib/thumb/v7-m/nofp\libc_nano.a(lib_a-nano-reallocr.o)
 .ARM.attributes
                0x0000000000000779       0x2d c:/st/stm32cubeide_1.7.0/stm32cubeide/plugins/com.st.stm32cube.ide.mcu.externaltools.gnu-tools-for-stm32.9-2020-q2-update.win32_2.0.0.202105311346/tools/bin/../lib/gcc/arm-none-eabi/9.3.1/../../../../arm-none-eabi/lib/thumb/v7-m/nofp\libc_nano.a(lib_a-nano-msizer.o)
 .ARM.attributes
                0x00000000000007a6       0x1d c:/st/stm32cubeide_1.7.0/stm32cubeide/plugins/com.st.stm32cube.ide.mcu.externaltools.gnu-tools-for-stm32.9-2020-q2-update.win32_2.0.0.202105311346/tools/bin/../lib/gcc/arm-none-eabi/9.3.1/thumb/v7-m/nofp/crtn.o
OUTPUT(Assignment.elf elf32-littlearm)
LOAD linker stubs
LOAD c:/st/stm32cubeide_1.7.0/stm32cubeide/plugins/com.st.stm32cube.ide.mcu.externaltools.gnu-tools-for-stm32.9-2020-q2-update.win32_2.0.0.202105311346/tools/bin/../lib/gcc/arm-none-eabi/9.3.1/../../../../arm-none-eabi/lib/thumb/v7-m/nofp\libc.a
LOAD c:/st/stm32cubeide_1.7.0/stm32cubeide/plugins/com.st.stm32cube.ide.mcu.externaltools.gnu-tools-for-stm32.9-2020-q2-update.win32_2.0.0.202105311346/tools/bin/../lib/gcc/arm-none-eabi/9.3.1/../../../../arm-none-eabi/lib/thumb/v7-m/nofp\libm.a
LOAD c:/st/stm32cubeide_1.7.0/stm32cubeide/plugins/com.st.stm32cube.ide.mcu.externaltools.gnu-tools-for-stm32.9-2020-q2-update.win32_2.0.0.202105311346/tools/bin/../lib/gcc/arm-none-eabi/9.3.1/thumb/v7-m/nofp\libgcc.a

.debug_info     0x0000000000000000    0x121d0
 .debug_info    0x0000000000000000      0x353 ./Core/Src/button.o
 .debug_info    0x0000000000000353      0xa13 ./Core/Src/buzzer.o
 .debug_info    0x0000000000000d66      0x33b ./Core/Src/displayLed.o
 .debug_info    0x00000000000010a1      0xb67 ./Core/Src/fsm_normal_state.o
 .debug_info    0x0000000000001c08      0xa03 ./Core/Src/fsm_pedestrian.o
 .debug_info    0x000000000000260b      0xa67 ./Core/Src/global.o
 .debug_info    0x0000000000003072      0xf5c ./Core/Src/main.o
 .debug_info    0x0000000000003fce      0xbd6 ./Core/Src/scheduler.o
 .debug_info    0x0000000000004ba4      0xab0 ./Core/Src/software_timer.o
 .debug_info    0x0000000000005654      0xe61 ./Core/Src/stm32f1xx_hal_msp.o
 .debug_info    0x00000000000064b5      0xa69 ./Core/Src/stm32f1xx_it.o
 .debug_info    0x0000000000006f1e      0xa25 ./Core/Src/sysmem.o
 .debug_info    0x0000000000007943      0x2be ./Core/Src/system_stm32f1xx.o
 .debug_info    0x0000000000007c01       0x22 ./Core/Startup/startup_stm32f103rbtx.o
 .debug_info    0x0000000000007c23      0x76a ./Drivers/STM32F1xx_HAL_Driver/Src/stm32f1xx_hal.o
 .debug_info    0x000000000000838d      0xbdc ./Drivers/STM32F1xx_HAL_Driver/Src/stm32f1xx_hal_cortex.o
 .debug_info    0x0000000000008f69      0x823 ./Drivers/STM32F1xx_HAL_Driver/Src/stm32f1xx_hal_dma.o
 .debug_info    0x000000000000978c      0x701 ./Drivers/STM32F1xx_HAL_Driver/Src/stm32f1xx_hal_gpio.o
 .debug_info    0x0000000000009e8d      0x730 ./Drivers/STM32F1xx_HAL_Driver/Src/stm32f1xx_hal_pwr.o
 .debug_info    0x000000000000a5bd      0x893 ./Drivers/STM32F1xx_HAL_Driver/Src/stm32f1xx_hal_rcc.o
 .debug_info    0x000000000000ae50     0x2c12 ./Drivers/STM32F1xx_HAL_Driver/Src/stm32f1xx_hal_tim.o
 .debug_info    0x000000000000da62     0x157f ./Drivers/STM32F1xx_HAL_Driver/Src/stm32f1xx_hal_tim_ex.o
 .debug_info    0x000000000000efe1     0x31ef ./Drivers/STM32F1xx_HAL_Driver/Src/stm32f1xx_hal_uart.o

.debug_abbrev   0x0000000000000000     0x2aab
 .debug_abbrev  0x0000000000000000      0x16e ./Core/Src/button.o
 .debug_abbrev  0x000000000000016e      0x16d ./Core/Src/buzzer.o
 .debug_abbrev  0x00000000000002db       0xff ./Core/Src/displayLed.o
 .debug_abbrev  0x00000000000003da      0x219 ./Core/Src/fsm_normal_state.o
 .debug_abbrev  0x00000000000005f3      0x15c ./Core/Src/fsm_pedestrian.o
 .debug_abbrev  0x000000000000074f      0x14d ./Core/Src/global.o
 .debug_abbrev  0x000000000000089c      0x27e ./Core/Src/main.o
 .debug_abbrev  0x0000000000000b1a      0x237 ./Core/Src/scheduler.o
 .debug_abbrev  0x0000000000000d51      0x1b8 ./Core/Src/software_timer.o
 .debug_abbrev  0x0000000000000f09      0x1c8 ./Core/Src/stm32f1xx_hal_msp.o
 .debug_abbrev  0x00000000000010d1      0x176 ./Core/Src/stm32f1xx_it.o
 .debug_abbrev  0x0000000000001247      0x1bf ./Core/Src/sysmem.o
 .debug_abbrev  0x0000000000001406      0x14e ./Core/Src/system_stm32f1xx.o
 .debug_abbrev  0x0000000000001554       0x12 ./Core/Startup/startup_stm32f103rbtx.o
 .debug_abbrev  0x0000000000001566      0x1ed ./Drivers/STM32F1xx_HAL_Driver/Src/stm32f1xx_hal.o
 .debug_abbrev  0x0000000000001753      0x313 ./Drivers/STM32F1xx_HAL_Driver/Src/stm32f1xx_hal_cortex.o
 .debug_abbrev  0x0000000000001a66      0x228 ./Drivers/STM32F1xx_HAL_Driver/Src/stm32f1xx_hal_dma.o
 .debug_abbrev  0x0000000000001c8e      0x1e8 ./Drivers/STM32F1xx_HAL_Driver/Src/stm32f1xx_hal_gpio.o
 .debug_abbrev  0x0000000000001e76      0x213 ./Drivers/STM32F1xx_HAL_Driver/Src/stm32f1xx_hal_pwr.o
 .debug_abbrev  0x0000000000002089      0x273 ./Drivers/STM32F1xx_HAL_Driver/Src/stm32f1xx_hal_rcc.o
 .debug_abbrev  0x00000000000022fc      0x25e ./Drivers/STM32F1xx_HAL_Driver/Src/stm32f1xx_hal_tim.o
 .debug_abbrev  0x000000000000255a      0x266 ./Drivers/STM32F1xx_HAL_Driver/Src/stm32f1xx_hal_tim_ex.o
 .debug_abbrev  0x00000000000027c0      0x2eb ./Drivers/STM32F1xx_HAL_Driver/Src/stm32f1xx_hal_uart.o

.debug_aranges  0x0000000000000000      0xe70
 .debug_aranges
                0x0000000000000000       0x28 ./Core/Src/button.o
 .debug_aranges
                0x0000000000000028       0x20 ./Core/Src/buzzer.o
 .debug_aranges
                0x0000000000000048       0x90 ./Core/Src/displayLed.o
 .debug_aranges
                0x00000000000000d8       0x30 ./Core/Src/fsm_normal_state.o
 .debug_aranges
                0x0000000000000108       0x20 ./Core/Src/fsm_pedestrian.o
 .debug_aranges
                0x0000000000000128       0x18 ./Core/Src/global.o
 .debug_aranges
                0x0000000000000140       0x58 ./Core/Src/main.o
 .debug_aranges
                0x0000000000000198       0x48 ./Core/Src/scheduler.o
 .debug_aranges
                0x00000000000001e0       0x30 ./Core/Src/software_timer.o
 .debug_aranges
                0x0000000000000210       0x48 ./Core/Src/stm32f1xx_hal_msp.o
 .debug_aranges
                0x0000000000000258       0x78 ./Core/Src/stm32f1xx_it.o
 .debug_aranges
                0x00000000000002d0       0x20 ./Core/Src/sysmem.o
 .debug_aranges
                0x00000000000002f0       0x28 ./Core/Src/system_stm32f1xx.o
 .debug_aranges
                0x0000000000000318       0x28 ./Core/Startup/startup_stm32f103rbtx.o
 .debug_aranges
                0x0000000000000340       0xe0 ./Drivers/STM32F1xx_HAL_Driver/Src/stm32f1xx_hal.o
 .debug_aranges
                0x0000000000000420      0x100 ./Drivers/STM32F1xx_HAL_Driver/Src/stm32f1xx_hal_cortex.o
 .debug_aranges
                0x0000000000000520       0x80 ./Drivers/STM32F1xx_HAL_Driver/Src/stm32f1xx_hal_dma.o
 .debug_aranges
                0x00000000000005a0       0x58 ./Drivers/STM32F1xx_HAL_Driver/Src/stm32f1xx_hal_gpio.o
 .debug_aranges
                0x00000000000005f8       0xa8 ./Drivers/STM32F1xx_HAL_Driver/Src/stm32f1xx_hal_pwr.o
 .debug_aranges
                0x00000000000006a0       0x90 ./Drivers/STM32F1xx_HAL_Driver/Src/stm32f1xx_hal_rcc.o
 .debug_aranges
                0x0000000000000730      0x3d0 ./Drivers/STM32F1xx_HAL_Driver/Src/stm32f1xx_hal_tim.o
 .debug_aranges
                0x0000000000000b00      0x168 ./Drivers/STM32F1xx_HAL_Driver/Src/stm32f1xx_hal_tim_ex.o
 .debug_aranges
                0x0000000000000c68      0x208 ./Drivers/STM32F1xx_HAL_Driver/Src/stm32f1xx_hal_uart.o

.debug_ranges   0x0000000000000000      0xd30
 .debug_ranges  0x0000000000000000       0x18 ./Core/Src/button.o
 .debug_ranges  0x0000000000000018       0x10 ./Core/Src/buzzer.o
 .debug_ranges  0x0000000000000028       0x80 ./Core/Src/displayLed.o
 .debug_ranges  0x00000000000000a8       0x20 ./Core/Src/fsm_normal_state.o
 .debug_ranges  0x00000000000000c8       0x10 ./Core/Src/fsm_pedestrian.o
 .debug_ranges  0x00000000000000d8       0x48 ./Core/Src/main.o
 .debug_ranges  0x0000000000000120       0x38 ./Core/Src/scheduler.o
 .debug_ranges  0x0000000000000158       0x20 ./Core/Src/software_timer.o
 .debug_ranges  0x0000000000000178       0x38 ./Core/Src/stm32f1xx_hal_msp.o
 .debug_ranges  0x00000000000001b0       0x68 ./Core/Src/stm32f1xx_it.o
 .debug_ranges  0x0000000000000218       0x10 ./Core/Src/sysmem.o
 .debug_ranges  0x0000000000000228       0x18 ./Core/Src/system_stm32f1xx.o
 .debug_ranges  0x0000000000000240       0x20 ./Core/Startup/startup_stm32f103rbtx.o
 .debug_ranges  0x0000000000000260       0xd0 ./Drivers/STM32F1xx_HAL_Driver/Src/stm32f1xx_hal.o
 .debug_ranges  0x0000000000000330       0xf0 ./Drivers/STM32F1xx_HAL_Driver/Src/stm32f1xx_hal_cortex.o
 .debug_ranges  0x0000000000000420       0x70 ./Drivers/STM32F1xx_HAL_Driver/Src/stm32f1xx_hal_dma.o
 .debug_ranges  0x0000000000000490       0x48 ./Drivers/STM32F1xx_HAL_Driver/Src/stm32f1xx_hal_gpio.o
 .debug_ranges  0x00000000000004d8       0x98 ./Drivers/STM32F1xx_HAL_Driver/Src/stm32f1xx_hal_pwr.o
 .debug_ranges  0x0000000000000570       0x80 ./Drivers/STM32F1xx_HAL_Driver/Src/stm32f1xx_hal_rcc.o
 .debug_ranges  0x00000000000005f0      0x3c0 ./Drivers/STM32F1xx_HAL_Driver/Src/stm32f1xx_hal_tim.o
 .debug_ranges  0x00000000000009b0      0x158 ./Drivers/STM32F1xx_HAL_Driver/Src/stm32f1xx_hal_tim_ex.o
 .debug_ranges  0x0000000000000b08      0x228 ./Drivers/STM32F1xx_HAL_Driver/Src/stm32f1xx_hal_uart.o

.debug_macro    0x0000000000000000    0x18e7b
 .debug_macro   0x0000000000000000      0x1d4 ./Core/Src/button.o
 .debug_macro   0x00000000000001d4      0xa9c ./Core/Src/button.o
 .debug_macro   0x0000000000000c70      0x21b ./Core/Src/button.o
 .debug_macro   0x0000000000000e8b       0x2e ./Core/Src/button.o
 .debug_macro   0x0000000000000eb9       0x22 ./Core/Src/button.o
 .debug_macro   0x0000000000000edb       0x22 ./Core/Src/button.o
 .debug_macro   0x0000000000000efd       0x8e ./Core/Src/button.o
 .debug_macro   0x0000000000000f8b       0x51 ./Core/Src/button.o
 .debug_macro   0x0000000000000fdc      0x103 ./Core/Src/button.o
 .debug_macro   0x00000000000010df       0x6a ./Core/Src/button.o
 .debug_macro   0x0000000000001149      0x1df ./Core/Src/button.o
 .debug_macro   0x0000000000001328       0x1c ./Core/Src/button.o
 .debug_macro   0x0000000000001344       0x22 ./Core/Src/button.o
 .debug_macro   0x0000000000001366       0xc3 ./Core/Src/button.o
 .debug_macro   0x0000000000001429      0xd23 ./Core/Src/button.o
 .debug_macro   0x000000000000214c     0xe09e ./Core/Src/button.o
 .debug_macro   0x00000000000101ea       0x6d ./Core/Src/button.o
 .debug_macro   0x0000000000010257     0x348d ./Core/Src/button.o
 .debug_macro   0x00000000000136e4      0x174 ./Core/Src/button.o
 .debug_macro   0x0000000000013858       0x5c ./Core/Src/button.o
 .debug_macro   0x00000000000138b4      0x5bc ./Core/Src/button.o
 .debug_macro   0x0000000000013e70      0x289 ./Core/Src/button.o
 .debug_macro   0x00000000000140f9      0x1cb ./Core/Src/button.o
 .debug_macro   0x00000000000142c4      0x114 ./Core/Src/button.o
 .debug_macro   0x00000000000143d8      0x1b2 ./Core/Src/button.o
 .debug_macro   0x000000000001458a       0x27 ./Core/Src/button.o
 .debug_macro   0x00000000000145b1      0x136 ./Core/Src/button.o
 .debug_macro   0x00000000000146e7      0x1bc ./Core/Src/button.o
 .debug_macro   0x00000000000148a3       0x34 ./Core/Src/button.o
 .debug_macro   0x00000000000148d7       0x3c ./Core/Src/button.o
 .debug_macro   0x0000000000014913       0x57 ./Core/Src/button.o
 .debug_macro   0x000000000001496a       0x87 ./Core/Src/button.o
 .debug_macro   0x00000000000149f1      0x240 ./Core/Src/button.o
 .debug_macro   0x0000000000014c31      0x140 ./Core/Src/button.o
 .debug_macro   0x0000000000014d71      0x8ed ./Core/Src/button.o
 .debug_macro   0x000000000001565e      0x28e ./Core/Src/button.o
 .debug_macro   0x00000000000158ec       0x83 ./Core/Src/button.o
 .debug_macro   0x000000000001596f       0x7c ./Core/Src/button.o
 .debug_macro   0x00000000000159eb      0x20f ./Core/Src/buzzer.o
 .debug_macro   0x0000000000015bfa       0x4c ./Core/Src/buzzer.o
 .debug_macro   0x0000000000015c46      0x1bc ./Core/Src/displayLed.o
 .debug_macro   0x0000000000015e02      0x20b ./Core/Src/fsm_normal_state.o
 .debug_macro   0x000000000001600d      0x20b ./Core/Src/fsm_pedestrian.o
 .debug_macro   0x0000000000016218      0x20b ./Core/Src/global.o
 .debug_macro   0x0000000000016423      0x20f ./Core/Src/main.o
 .debug_macro   0x0000000000016632      0x34f ./Core/Src/scheduler.o
 .debug_macro   0x0000000000016981       0x52 ./Core/Src/scheduler.o
 .debug_macro   0x00000000000169d3       0x18 ./Core/Src/scheduler.o
 .debug_macro   0x00000000000169eb       0x3c ./Core/Src/scheduler.o
 .debug_macro   0x0000000000016a27       0x34 ./Core/Src/scheduler.o
 .debug_macro   0x0000000000016a5b       0x16 ./Core/Src/scheduler.o
 .debug_macro   0x0000000000016a71       0x35 ./Core/Src/scheduler.o
 .debug_macro   0x0000000000016aa6      0x333 ./Core/Src/scheduler.o
 .debug_macro   0x0000000000016dd9       0x10 ./Core/Src/scheduler.o
 .debug_macro   0x0000000000016de9       0x16 ./Core/Src/scheduler.o
 .debug_macro   0x0000000000016dff       0x43 ./Core/Src/scheduler.o
 .debug_macro   0x0000000000016e42       0x34 ./Core/Src/scheduler.o
 .debug_macro   0x0000000000016e76       0x10 ./Core/Src/scheduler.o
 .debug_macro   0x0000000000016e86       0x58 ./Core/Src/scheduler.o
 .debug_macro   0x0000000000016ede       0x71 ./Core/Src/scheduler.o
 .debug_macro   0x0000000000016f4f       0x1c ./Core/Src/scheduler.o
 .debug_macro   0x0000000000016f6b      0x12a ./Core/Src/scheduler.o
 .debug_macro   0x0000000000017095       0x10 ./Core/Src/scheduler.o
 .debug_macro   0x00000000000170a5       0x1c ./Core/Src/scheduler.o
 .debug_macro   0x00000000000170c1       0x52 ./Core/Src/scheduler.o
 .debug_macro   0x0000000000017113       0x22 ./Core/Src/scheduler.o
 .debug_macro   0x0000000000017135       0x10 ./Core/Src/scheduler.o
 .debug_macro   0x0000000000017145       0x40 ./Core/Src/scheduler.o
 .debug_macro   0x0000000000017185       0xd5 ./Core/Src/scheduler.o
 .debug_macro   0x000000000001725a       0x1c ./Core/Src/scheduler.o
 .debug_macro   0x0000000000017276       0x3d ./Core/Src/scheduler.o
 .debug_macro   0x00000000000172b3       0x16 ./Core/Src/scheduler.o
 .debug_macro   0x00000000000172c9      0x145 ./Core/Src/scheduler.o
 .debug_macro   0x000000000001740e       0x16 ./Core/Src/scheduler.o
 .debug_macro   0x0000000000017424       0x16 ./Core/Src/scheduler.o
 .debug_macro   0x000000000001743a       0x29 ./Core/Src/scheduler.o
 .debug_macro   0x0000000000017463      0x20f ./Core/Src/software_timer.o
 .debug_macro   0x0000000000017672      0x1b2 ./Core/Src/stm32f1xx_hal_msp.o
 .debug_macro   0x0000000000017824      0x1bc ./Core/Src/stm32f1xx_it.o
 .debug_macro   0x00000000000179e0       0xff ./Core/Src/sysmem.o
 .debug_macro   0x0000000000017adf      0x23b ./Core/Src/sysmem.o
 .debug_macro   0x0000000000017d1a      0x1a3 ./Core/Src/system_stm32f1xx.o
 .debug_macro   0x0000000000017ebd      0x1c7 ./Drivers/STM32F1xx_HAL_Driver/Src/stm32f1xx_hal.o
 .debug_macro   0x0000000000018084      0x1a3 ./Drivers/STM32F1xx_HAL_Driver/Src/stm32f1xx_hal_cortex.o
 .debug_macro   0x0000000000018227      0x1a3 ./Drivers/STM32F1xx_HAL_Driver/Src/stm32f1xx_hal_dma.o
 .debug_macro   0x00000000000183ca      0x20e ./Drivers/STM32F1xx_HAL_Driver/Src/stm32f1xx_hal_gpio.o
 .debug_macro   0x00000000000185d8      0x203 ./Drivers/STM32F1xx_HAL_Driver/Src/stm32f1xx_hal_pwr.o
 .debug_macro   0x00000000000187db      0x1b5 ./Drivers/STM32F1xx_HAL_Driver/Src/stm32f1xx_hal_rcc.o
 .debug_macro   0x0000000000018990      0x1a4 ./Drivers/STM32F1xx_HAL_Driver/Src/stm32f1xx_hal_tim.o
 .debug_macro   0x0000000000018b34      0x1a3 ./Drivers/STM32F1xx_HAL_Driver/Src/stm32f1xx_hal_tim_ex.o
 .debug_macro   0x0000000000018cd7      0x1a4 ./Drivers/STM32F1xx_HAL_Driver/Src/stm32f1xx_hal_uart.o

.debug_line     0x0000000000000000    0x11a2b
 .debug_line    0x0000000000000000      0x732 ./Core/Src/button.o
 .debug_line    0x0000000000000732      0x6f4 ./Core/Src/buzzer.o
 .debug_line    0x0000000000000e26      0x7dd ./Core/Src/displayLed.o
 .debug_line    0x0000000000001603      0xaad ./Core/Src/fsm_normal_state.o
 .debug_line    0x00000000000020b0      0x744 ./Core/Src/fsm_pedestrian.o
 .debug_line    0x00000000000027f4      0x6da ./Core/Src/global.o
 .debug_line    0x0000000000002ece      0x8d4 ./Core/Src/main.o
 .debug_line    0x00000000000037a2      0x9ff ./Core/Src/scheduler.o
 .debug_line    0x00000000000041a1      0x757 ./Core/Src/software_timer.o
 .debug_line    0x00000000000048f8      0x75d ./Core/Src/stm32f1xx_hal_msp.o
 .debug_line    0x0000000000005055      0x787 ./Core/Src/stm32f1xx_it.o
 .debug_line    0x00000000000057dc      0x4f8 ./Core/Src/sysmem.o
 .debug_line    0x0000000000005cd4      0x6fb ./Core/Src/system_stm32f1xx.o
 .debug_line    0x00000000000063cf       0x86 ./Core/Startup/startup_stm32f103rbtx.o
 .debug_line    0x0000000000006455      0x928 ./Drivers/STM32F1xx_HAL_Driver/Src/stm32f1xx_hal.o
 .debug_line    0x0000000000006d7d      0xb10 ./Drivers/STM32F1xx_HAL_Driver/Src/stm32f1xx_hal_cortex.o
 .debug_line    0x000000000000788d      0xd81 ./Drivers/STM32F1xx_HAL_Driver/Src/stm32f1xx_hal_dma.o
 .debug_line    0x000000000000860e      0x9c1 ./Drivers/STM32F1xx_HAL_Driver/Src/stm32f1xx_hal_gpio.o
 .debug_line    0x0000000000008fcf      0x8aa ./Drivers/STM32F1xx_HAL_Driver/Src/stm32f1xx_hal_pwr.o
 .debug_line    0x0000000000009879      0xd34 ./Drivers/STM32F1xx_HAL_Driver/Src/stm32f1xx_hal_rcc.o
 .debug_line    0x000000000000a5ad     0x33a7 ./Drivers/STM32F1xx_HAL_Driver/Src/stm32f1xx_hal_tim.o
 .debug_line    0x000000000000d954     0x187e ./Drivers/STM32F1xx_HAL_Driver/Src/stm32f1xx_hal_tim_ex.o
 .debug_line    0x000000000000f1d2     0x2859 ./Drivers/STM32F1xx_HAL_Driver/Src/stm32f1xx_hal_uart.o

.debug_str      0x0000000000000000    0x8b8ff
 .debug_str     0x0000000000000000    0x835cd ./Core/Src/button.o
                                      0x83931 (size before relaxing)
 .debug_str     0x00000000000835cd      0x784 ./Core/Src/buzzer.o
                                      0x84018 (size before relaxing)
 .debug_str     0x0000000000083d51       0xfc ./Core/Src/displayLed.o
                                      0x838e2 (size before relaxing)
 .debug_str     0x0000000000083e4d       0x50 ./Core/Src/fsm_normal_state.o
                                      0x8404e (size before relaxing)
 .debug_str     0x0000000000083e9d       0x2c ./Core/Src/fsm_pedestrian.o
                                      0x8401d (size before relaxing)
 .debug_str     0x0000000000083ec9       0x15 ./Core/Src/global.o
                                      0x84006 (size before relaxing)
 .debug_str     0x0000000000083ede      0x355 ./Core/Src/main.o
                                      0x84385 (size before relaxing)
 .debug_str     0x0000000000084233     0x41bf ./Core/Src/scheduler.o
                                      0x87a23 (size before relaxing)
 .debug_str     0x00000000000883f2       0x61 ./Core/Src/software_timer.o
                                      0x84052 (size before relaxing)
 .debug_str     0x0000000000088453      0x332 ./Core/Src/stm32f1xx_hal_msp.o
                                      0x84298 (size before relaxing)
 .debug_str     0x0000000000088785       0xef ./Core/Src/stm32f1xx_it.o
                                      0x83f69 (size before relaxing)
 .debug_str     0x0000000000088874      0x4e9 ./Core/Src/sysmem.o
                                       0x6263 (size before relaxing)
 .debug_str     0x0000000000088d5d       0x52 ./Core/Src/system_stm32f1xx.o
                                      0x836bb (size before relaxing)
 .debug_str     0x0000000000088daf       0x52 ./Core/Startup/startup_stm32f103rbtx.o
 .debug_str     0x0000000000088e01      0x304 ./Drivers/STM32F1xx_HAL_Driver/Src/stm32f1xx_hal.o
                                      0x83d4c (size before relaxing)
 .debug_str     0x0000000000089105      0x300 ./Drivers/STM32F1xx_HAL_Driver/Src/stm32f1xx_hal_cortex.o
                                      0x83d54 (size before relaxing)
 .debug_str     0x0000000000089405      0x230 ./Drivers/STM32F1xx_HAL_Driver/Src/stm32f1xx_hal_dma.o
                                      0x83a96 (size before relaxing)
 .debug_str     0x0000000000089635      0x311 ./Drivers/STM32F1xx_HAL_Driver/Src/stm32f1xx_hal_gpio.o
                                      0x83a7f (size before relaxing)
 .debug_str     0x0000000000089946      0x507 ./Drivers/STM32F1xx_HAL_Driver/Src/stm32f1xx_hal_pwr.o
                                      0x83c1e (size before relaxing)
 .debug_str     0x0000000000089e4d      0x243 ./Drivers/STM32F1xx_HAL_Driver/Src/stm32f1xx_hal_rcc.o
                                      0x83ab8 (size before relaxing)
 .debug_str     0x000000000008a090      0xd68 ./Drivers/STM32F1xx_HAL_Driver/Src/stm32f1xx_hal_tim.o
                                      0x84a91 (size before relaxing)
 .debug_str     0x000000000008adf8      0x4ee ./Drivers/STM32F1xx_HAL_Driver/Src/stm32f1xx_hal_tim_ex.o
                                      0x84242 (size before relaxing)
 .debug_str     0x000000000008b2e6      0x619 ./Drivers/STM32F1xx_HAL_Driver/Src/stm32f1xx_hal_uart.o
                                      0x84110 (size before relaxing)

.comment        0x0000000000000000       0x53
 .comment       0x0000000000000000       0x53 ./Core/Src/button.o
                                         0x54 (size before relaxing)
 .comment       0x0000000000000053       0x54 ./Core/Src/buzzer.o
 .comment       0x0000000000000053       0x54 ./Core/Src/displayLed.o
 .comment       0x0000000000000053       0x54 ./Core/Src/fsm_normal_state.o
 .comment       0x0000000000000053       0x54 ./Core/Src/fsm_pedestrian.o
 .comment       0x0000000000000053       0x54 ./Core/Src/global.o
 .comment       0x0000000000000053       0x54 ./Core/Src/main.o
 .comment       0x0000000000000053       0x54 ./Core/Src/scheduler.o
 .comment       0x0000000000000053       0x54 ./Core/Src/software_timer.o
 .comment       0x0000000000000053       0x54 ./Core/Src/stm32f1xx_hal_msp.o
 .comment       0x0000000000000053       0x54 ./Core/Src/stm32f1xx_it.o
 .comment       0x0000000000000053       0x54 ./Core/Src/sysmem.o
 .comment       0x0000000000000053       0x54 ./Core/Src/system_stm32f1xx.o
 .comment       0x0000000000000053       0x54 ./Drivers/STM32F1xx_HAL_Driver/Src/stm32f1xx_hal.o
 .comment       0x0000000000000053       0x54 ./Drivers/STM32F1xx_HAL_Driver/Src/stm32f1xx_hal_cortex.o
 .comment       0x0000000000000053       0x54 ./Drivers/STM32F1xx_HAL_Driver/Src/stm32f1xx_hal_dma.o
 .comment       0x0000000000000053       0x54 ./Drivers/STM32F1xx_HAL_Driver/Src/stm32f1xx_hal_gpio.o
 .comment       0x0000000000000053       0x54 ./Drivers/STM32F1xx_HAL_Driver/Src/stm32f1xx_hal_pwr.o
 .comment       0x0000000000000053       0x54 ./Drivers/STM32F1xx_HAL_Driver/Src/stm32f1xx_hal_rcc.o
 .comment       0x0000000000000053       0x54 ./Drivers/STM32F1xx_HAL_Driver/Src/stm32f1xx_hal_tim.o
 .comment       0x0000000000000053       0x54 ./Drivers/STM32F1xx_HAL_Driver/Src/stm32f1xx_hal_tim_ex.o
 .comment       0x0000000000000053       0x54 ./Drivers/STM32F1xx_HAL_Driver/Src/stm32f1xx_hal_uart.o

.debug_frame    0x0000000000000000     0x3d54
 .debug_frame   0x0000000000000000       0x5c ./Core/Src/button.o
 .debug_frame   0x000000000000005c       0x38 ./Core/Src/buzzer.o
 .debug_frame   0x0000000000000094      0x1b4 ./Core/Src/displayLed.o
 .debug_frame   0x0000000000000248       0x80 ./Core/Src/fsm_normal_state.o
 .debug_frame   0x00000000000002c8       0x2c ./Core/Src/fsm_pedestrian.o
 .debug_frame   0x00000000000002f4      0x114 ./Core/Src/main.o
 .debug_frame   0x0000000000000408       0xe8 ./Core/Src/scheduler.o
 .debug_frame   0x00000000000004f0       0x88 ./Core/Src/software_timer.o
 .debug_frame   0x0000000000000578       0xec ./Core/Src/stm32f1xx_hal_msp.o
 .debug_frame   0x0000000000000664      0x158 ./Core/Src/stm32f1xx_it.o
 .debug_frame   0x00000000000007bc       0x34 ./Core/Src/sysmem.o
 .debug_frame   0x00000000000007f0       0x58 ./Core/Src/system_stm32f1xx.o
 .debug_frame   0x0000000000000848      0x334 ./Drivers/STM32F1xx_HAL_Driver/Src/stm32f1xx_hal.o
 .debug_frame   0x0000000000000b7c      0x428 ./Drivers/STM32F1xx_HAL_Driver/Src/stm32f1xx_hal_cortex.o
 .debug_frame   0x0000000000000fa4      0x208 ./Drivers/STM32F1xx_HAL_Driver/Src/stm32f1xx_hal_dma.o
 .debug_frame   0x00000000000011ac      0x14c ./Drivers/STM32F1xx_HAL_Driver/Src/stm32f1xx_hal_gpio.o
 .debug_frame   0x00000000000012f8      0x270 ./Drivers/STM32F1xx_HAL_Driver/Src/stm32f1xx_hal_pwr.o
 .debug_frame   0x0000000000001568      0x218 ./Drivers/STM32F1xx_HAL_Driver/Src/stm32f1xx_hal_rcc.o
 .debug_frame   0x0000000000001780     0x11bc ./Drivers/STM32F1xx_HAL_Driver/Src/stm32f1xx_hal_tim.o
 .debug_frame   0x000000000000293c      0x638 ./Drivers/STM32F1xx_HAL_Driver/Src/stm32f1xx_hal_tim_ex.o
 .debug_frame   0x0000000000002f74      0x944 ./Drivers/STM32F1xx_HAL_Driver/Src/stm32f1xx_hal_uart.o
 .debug_frame   0x00000000000038b8       0x20 c:/st/stm32cubeide_1.7.0/stm32cubeide/plugins/com.st.stm32cube.ide.mcu.externaltools.gnu-tools-for-stm32.9-2020-q2-update.win32_2.0.0.202105311346/tools/bin/../lib/gcc/arm-none-eabi/9.3.1/../../../../arm-none-eabi/lib/thumb/v7-m/nofp\libc_nano.a(lib_a-errno.o)
 .debug_frame   0x00000000000038d8       0x2c c:/st/stm32cubeide_1.7.0/stm32cubeide/plugins/com.st.stm32cube.ide.mcu.externaltools.gnu-tools-for-stm32.9-2020-q2-update.win32_2.0.0.202105311346/tools/bin/../lib/gcc/arm-none-eabi/9.3.1/../../../../arm-none-eabi/lib/thumb/v7-m/nofp\libc_nano.a(lib_a-init.o)
 .debug_frame   0x0000000000003904       0x30 c:/st/stm32cubeide_1.7.0/stm32cubeide/plugins/com.st.stm32cube.ide.mcu.externaltools.gnu-tools-for-stm32.9-2020-q2-update.win32_2.0.0.202105311346/tools/bin/../lib/gcc/arm-none-eabi/9.3.1/../../../../arm-none-eabi/lib/thumb/v7-m/nofp\libc_nano.a(lib_a-malloc.o)
 .debug_frame   0x0000000000003934       0x20 c:/st/stm32cubeide_1.7.0/stm32cubeide/plugins/com.st.stm32cube.ide.mcu.externaltools.gnu-tools-for-stm32.9-2020-q2-update.win32_2.0.0.202105311346/tools/bin/../lib/gcc/arm-none-eabi/9.3.1/../../../../arm-none-eabi/lib/thumb/v7-m/nofp\libc_nano.a(lib_a-memset.o)
 .debug_frame   0x0000000000003954       0x38 c:/st/stm32cubeide_1.7.0/stm32cubeide/plugins/com.st.stm32cube.ide.mcu.externaltools.gnu-tools-for-stm32.9-2020-q2-update.win32_2.0.0.202105311346/tools/bin/../lib/gcc/arm-none-eabi/9.3.1/../../../../arm-none-eabi/lib/thumb/v7-m/nofp\libc_nano.a(lib_a-nano-freer.o)
 .debug_frame   0x000000000000398c       0x30 c:/st/stm32cubeide_1.7.0/stm32cubeide/plugins/com.st.stm32cube.ide.mcu.externaltools.gnu-tools-for-stm32.9-2020-q2-update.win32_2.0.0.202105311346/tools/bin/../lib/gcc/arm-none-eabi/9.3.1/../../../../arm-none-eabi/lib/thumb/v7-m/nofp\libc_nano.a(lib_a-nano-mallocr.o)
 .debug_frame   0x00000000000039bc       0x2c c:/st/stm32cubeide_1.7.0/stm32cubeide/plugins/com.st.stm32cube.ide.mcu.externaltools.gnu-tools-for-stm32.9-2020-q2-update.win32_2.0.0.202105311346/tools/bin/../lib/gcc/arm-none-eabi/9.3.1/../../../../arm-none-eabi/lib/thumb/v7-m/nofp\libc_nano.a(lib_a-sbrkr.o)
 .debug_frame   0x00000000000039e8       0x6c c:/st/stm32cubeide_1.7.0/stm32cubeide/plugins/com.st.stm32cube.ide.mcu.externaltools.gnu-tools-for-stm32.9-2020-q2-update.win32_2.0.0.202105311346/tools/bin/../lib/gcc/arm-none-eabi/9.3.1/../../../../arm-none-eabi/lib/thumb/v7-m/nofp\libc_nano.a(lib_a-sprintf.o)
 .debug_frame   0x0000000000003a54       0x30 c:/st/stm32cubeide_1.7.0/stm32cubeide/plugins/com.st.stm32cube.ide.mcu.externaltools.gnu-tools-for-stm32.9-2020-q2-update.win32_2.0.0.202105311346/tools/bin/../lib/gcc/arm-none-eabi/9.3.1/../../../../arm-none-eabi/lib/thumb/v7-m/nofp\libc_nano.a(lib_a-mlock.o)
 .debug_frame   0x0000000000003a84       0x90 c:/st/stm32cubeide_1.7.0/stm32cubeide/plugins/com.st.stm32cube.ide.mcu.externaltools.gnu-tools-for-stm32.9-2020-q2-update.win32_2.0.0.202105311346/tools/bin/../lib/gcc/arm-none-eabi/9.3.1/../../../../arm-none-eabi/lib/thumb/v7-m/nofp\libc_nano.a(lib_a-nano-svfprintf.o)
 .debug_frame   0x0000000000003b14       0x60 c:/st/stm32cubeide_1.7.0/stm32cubeide/plugins/com.st.stm32cube.ide.mcu.externaltools.gnu-tools-for-stm32.9-2020-q2-update.win32_2.0.0.202105311346/tools/bin/../lib/gcc/arm-none-eabi/9.3.1/../../../../arm-none-eabi/lib/thumb/v7-m/nofp\libc_nano.a(lib_a-nano-vfprintf_i.o)
 .debug_frame   0x0000000000003b74       0x5c c:/st/stm32cubeide_1.7.0/stm32cubeide/plugins/com.st.stm32cube.ide.mcu.externaltools.gnu-tools-for-stm32.9-2020-q2-update.win32_2.0.0.202105311346/tools/bin/../lib/gcc/arm-none-eabi/9.3.1/../../../../arm-none-eabi/lib/thumb/v7-m/nofp\libc_nano.a(lib_a-reent.o)
 .debug_frame   0x0000000000003bd0       0xb0 c:/st/stm32cubeide_1.7.0/stm32cubeide/plugins/com.st.stm32cube.ide.mcu.externaltools.gnu-tools-for-stm32.9-2020-q2-update.win32_2.0.0.202105311346/tools/bin/../lib/gcc/arm-none-eabi/9.3.1/../../../../arm-none-eabi/lib/thumb/v7-m/nofp\libc_nano.a(lib_a-lock.o)
 .debug_frame   0x0000000000003c80       0x28 c:/st/stm32cubeide_1.7.0/stm32cubeide/plugins/com.st.stm32cube.ide.mcu.externaltools.gnu-tools-for-stm32.9-2020-q2-update.win32_2.0.0.202105311346/tools/bin/../lib/gcc/arm-none-eabi/9.3.1/../../../../arm-none-eabi/lib/thumb/v7-m/nofp\libc_nano.a(lib_a-memchr-stub.o)
 .debug_frame   0x0000000000003ca8       0x28 c:/st/stm32cubeide_1.7.0/stm32cubeide/plugins/com.st.stm32cube.ide.mcu.externaltools.gnu-tools-for-stm32.9-2020-q2-update.win32_2.0.0.202105311346/tools/bin/../lib/gcc/arm-none-eabi/9.3.1/../../../../arm-none-eabi/lib/thumb/v7-m/nofp\libc_nano.a(lib_a-memcpy-stub.o)
 .debug_frame   0x0000000000003cd0       0x28 c:/st/stm32cubeide_1.7.0/stm32cubeide/plugins/com.st.stm32cube.ide.mcu.externaltools.gnu-tools-for-stm32.9-2020-q2-update.win32_2.0.0.202105311346/tools/bin/../lib/gcc/arm-none-eabi/9.3.1/../../../../arm-none-eabi/lib/thumb/v7-m/nofp\libc_nano.a(lib_a-memmove.o)
 .debug_frame   0x0000000000003cf8       0x3c c:/st/stm32cubeide_1.7.0/stm32cubeide/plugins/com.st.stm32cube.ide.mcu.externaltools.gnu-tools-for-stm32.9-2020-q2-update.win32_2.0.0.202105311346/tools/bin/../lib/gcc/arm-none-eabi/9.3.1/../../../../arm-none-eabi/lib/thumb/v7-m/nofp\libc_nano.a(lib_a-nano-reallocr.o)
 .debug_frame   0x0000000000003d34       0x20 c:/st/stm32cubeide_1.7.0/stm32cubeide/plugins/com.st.stm32cube.ide.mcu.externaltools.gnu-tools-for-stm32.9-2020-q2-update.win32_2.0.0.202105311346/tools/bin/../lib/gcc/arm-none-eabi/9.3.1/../../../../arm-none-eabi/lib/thumb/v7-m/nofp\libc_nano.a(lib_a-nano-msizer.o)